Copyright 1986-2022 Xilinx, Inc. All Rights Reserved. Copyright 2022-2025 Advanced Micro Devices, Inc. All Rights Reserved.
------------------------------------------------------------------------------------------------------------------------------------------------------------------------------------------------------------------------------------------------------------------
| Tool Version : Vivado v.2025.1 (win64) Build 6140274 Thu May 22 00:12:29 MDT 2025
| Date         : Fri Jun 26 14:19:42 2026
| Host         : TREVOREVER7 running 64-bit major release  (build 9200)
| Command      : report_timing_summary -max_paths 10 -routable_nets -report_unconstrained -file animation_renderer_timing_summary_routed.rpt -pb animation_renderer_timing_summary_routed.pb -rpx animation_renderer_timing_summary_routed.rpx -warn_on_violation
| Design       : animation_renderer
| Device       : 7a35t-cpg236
| Speed File   : -1  PRODUCTION 1.23 2018-06-13
| Design State : Routed
------------------------------------------------------------------------------------------------------------------------------------------------------------------------------------------------------------------------------------------------------------------

Timing Summary Report

------------------------------------------------------------------------------------------------
| Timer Settings
| --------------
------------------------------------------------------------------------------------------------

  Enable Multi Corner Analysis               :  Yes
  Enable Pessimism Removal                   :  Yes
  Pessimism Removal Resolution               :  Nearest Common Node
  Enable Input Delay Default Clock           :  No
  Enable Preset / Clear Arcs                 :  No
  Disable Flight Delays                      :  No
  Ignore I/O Paths                           :  No
  Timing Early Launch at Borrowing Latches   :  No
  Borrow Time for Max Delay Exceptions       :  Yes
  Merge Timing Exceptions                    :  Yes
  Inter-SLR Compensation                     :  Conservative

  Corner  Analyze    Analyze    
  Name    Max Paths  Min Paths  
  ------  ---------  ---------  
  Slow    Yes        Yes        
  Fast    Yes        Yes        


------------------------------------------------------------------------------------------------
| Report Methodology
| ------------------
------------------------------------------------------------------------------------------------

Rule       Severity          Description                  Violations  
---------  ----------------  ---------------------------  ----------  
TIMING-17  Critical Warning  Non-clocked sequential cell  42          

Note: This report is based on the most recent report_methodology run and may not be up-to-date. Run report_methodology on the current design for the latest report.



check_timing report

Table of Contents
-----------------
1. checking no_clock (42)
2. checking constant_clock (0)
3. checking pulse_width_clock (0)
4. checking unconstrained_internal_endpoints (82)
5. checking no_input_delay (0)
6. checking no_output_delay (14)
7. checking multiple_clock (0)
8. checking generated_clocks (0)
9. checking loops (0)
10. checking partial_input_delay (0)
11. checking partial_output_delay (0)
12. checking latch_loops (0)

1. checking no_clock (42)
-------------------------
 There are 42 register/latch pins with no clock driven by root clock pin: pixel_clk_signal/counter_reg[1]/Q (HIGH)


2. checking constant_clock (0)
------------------------------
 There are 0 register/latch pins with constant_clock.


3. checking pulse_width_clock (0)
---------------------------------
 There are 0 register/latch pins which need pulse_width check


4. checking unconstrained_internal_endpoints (82)
-------------------------------------------------
 There are 82 pins that are not constrained for maximum delay. (HIGH)

 There are 0 pins that are not constrained for maximum delay due to constant clock.


5. checking no_input_delay (0)
------------------------------
 There are 0 input ports with no input delay specified.

 There are 0 input ports with no input delay but user has a false path constraint.


6. checking no_output_delay (14)
--------------------------------
 There are 14 ports with no output delay specified. (HIGH)

 There are 0 ports with no output delay but user has a false path constraint

 There are 0 ports with no output delay but with a timing clock defined on it or propagating through it


7. checking multiple_clock (0)
------------------------------
 There are 0 register/latch pins with multiple clocks.


8. checking generated_clocks (0)
--------------------------------
 There are 0 generated clocks that are not connected to a clock source.


9. checking loops (0)
---------------------
 There are 0 combinational loops in the design.


10. checking partial_input_delay (0)
------------------------------------
 There are 0 input ports with partial input delay specified.


11. checking partial_output_delay (0)
-------------------------------------
 There are 0 ports with partial output delay specified.


12. checking latch_loops (0)
----------------------------
 There are 0 combinational latch loops in the design through latch input



------------------------------------------------------------------------------------------------
| Design Timing Summary
| ---------------------
------------------------------------------------------------------------------------------------

    WNS(ns)      TNS(ns)  TNS Failing Endpoints  TNS Total Endpoints      WHS(ns)      THS(ns)  THS Failing Endpoints  THS Total Endpoints     WPWS(ns)     TPWS(ns)  TPWS Failing Endpoints  TPWS Total Endpoints  
    -------      -------  ---------------------  -------------------      -------      -------  ---------------------  -------------------     --------     --------  ----------------------  --------------------  
      8.341        0.000                      0                    2        0.290        0.000                      0                    2        4.500        0.000                       0                     3  


All user specified timing constraints are met.


------------------------------------------------------------------------------------------------
| Clock Summary
| -------------
------------------------------------------------------------------------------------------------

Clock        Waveform(ns)       Period(ns)      Frequency(MHz)
-----        ------------       ----------      --------------
sys_clk_pin  {0.000 5.000}      10.000          100.000         


------------------------------------------------------------------------------------------------
| Intra Clock Table
| -----------------
------------------------------------------------------------------------------------------------

Clock             WNS(ns)      TNS(ns)  TNS Failing Endpoints  TNS Total Endpoints      WHS(ns)      THS(ns)  THS Failing Endpoints  THS Total Endpoints     WPWS(ns)     TPWS(ns)  TPWS Failing Endpoints  TPWS Total Endpoints  
-----             -------      -------  ---------------------  -------------------      -------      -------  ---------------------  -------------------     --------     --------  ----------------------  --------------------  
sys_clk_pin         8.341        0.000                      0                    2        0.290        0.000                      0                    2        4.500        0.000                       0                     3  


------------------------------------------------------------------------------------------------
| Inter Clock Table
| -----------------
------------------------------------------------------------------------------------------------

From Clock    To Clock          WNS(ns)      TNS(ns)  TNS Failing Endpoints  TNS Total Endpoints      WHS(ns)      THS(ns)  THS Failing Endpoints  THS Total Endpoints  
----------    --------          -------      -------  ---------------------  -------------------      -------      -------  ---------------------  -------------------  


------------------------------------------------------------------------------------------------
| Other Path Groups Table
| -----------------------
------------------------------------------------------------------------------------------------

Path Group    From Clock    To Clock          WNS(ns)      TNS(ns)  TNS Failing Endpoints  TNS Total Endpoints      WHS(ns)      THS(ns)  THS Failing Endpoints  THS Total Endpoints  
----------    ----------    --------          -------      -------  ---------------------  -------------------      -------      -------  ---------------------  -------------------  


------------------------------------------------------------------------------------------------
| User Ignored Path Table
| -----------------------
------------------------------------------------------------------------------------------------

Path Group    From Clock    To Clock    
----------    ----------    --------    


------------------------------------------------------------------------------------------------
| Unconstrained Path Table
| ------------------------
------------------------------------------------------------------------------------------------

Path Group    From Clock    To Clock    
----------    ----------    --------    
(none)                                    


------------------------------------------------------------------------------------------------
| Timing Details
| --------------
------------------------------------------------------------------------------------------------


---------------------------------------------------------------------------------------------------
From Clock:  sys_clk_pin
  To Clock:  sys_clk_pin

Setup :            0  Failing Endpoints,  Worst Slack        8.341ns,  Total Violation        0.000ns
Hold  :            0  Failing Endpoints,  Worst Slack        0.290ns,  Total Violation        0.000ns
PW    :            0  Failing Endpoints,  Worst Slack        4.500ns,  Total Violation        0.000ns
---------------------------------------------------------------------------------------------------


Max Delay Paths
--------------------------------------------------------------------------------------
Slack (MET) :             8.341ns  (required time - arrival time)
  Source:                 pixel_clk_signal/counter_reg[1]/C
                            (rising edge-triggered cell FDRE clocked by sys_clk_pin  {rise@0.000ns fall@5.000ns period=10.000ns})
  Destination:            pixel_clk_signal/counter_reg[1]/D
                            (rising edge-triggered cell FDRE clocked by sys_clk_pin  {rise@0.000ns fall@5.000ns period=10.000ns})
  Path Group:             sys_clk_pin
  Path Type:              Setup (Max at Slow Process Corner)
  Requirement:            10.000ns  (sys_clk_pin rise@10.000ns - sys_clk_pin rise@0.000ns)
  Data Path Delay:        1.698ns  (logic 0.744ns (43.811%)  route 0.954ns (56.189%))
  Logic Levels:           1  (LUT2=1)
  Clock Path Skew:        0.000ns (DCD - SCD + CPR)
    Destination Clock Delay (DCD):    4.786ns = ( 14.786 - 10.000 ) 
    Source Clock Delay      (SCD):    5.086ns
    Clock Pessimism Removal (CPR):    0.300ns
  Clock Uncertainty:      0.035ns  ((TSJ^2 + TIJ^2)^1/2 + DJ) / 2 + PE
    Total System Jitter     (TSJ):    0.071ns
    Total Input Jitter      (TIJ):    0.000ns
    Discrete Jitter          (DJ):    0.000ns
    Phase Error              (PE):    0.000ns

    Location             Delay type                Incr(ns)  Path(ns)    Netlist Resource(s)
  -------------------------------------------------------------------    -------------------
                         (clock sys_clk_pin rise edge)
                                                      0.000     0.000 r  
    W5                                                0.000     0.000 r  clk (IN)
                         net (fo=0)                   0.000     0.000    clk
    W5                   IBUF (Prop_ibuf_I_O)         1.458     1.458 r  clk_IBUF_inst/O
                         net (fo=1, routed)           1.967     3.425    clk_IBUF
    BUFGCTRL_X0Y1        BUFG (Prop_bufg_I_O)         0.096     3.521 r  clk_IBUF_BUFG_inst/O
                         net (fo=2, routed)           1.565     5.086    pixel_clk_signal/CLK
    SLICE_X36Y46         FDRE                                         r  pixel_clk_signal/counter_reg[1]/C
  -------------------------------------------------------------------    -------------------
    SLICE_X36Y46         FDRE (Prop_fdre_C_Q)         0.419     5.505 r  pixel_clk_signal/counter_reg[1]/Q
                         net (fo=2, routed)           0.954     6.459    pixel_clk_signal/Q[0]
    SLICE_X36Y46         LUT2 (Prop_lut2_I1_O)        0.325     6.784 r  pixel_clk_signal/counter[1]_i_1/O
                         net (fo=1, routed)           0.000     6.784    pixel_clk_signal/counter[1]_i_1_n_0
    SLICE_X36Y46         FDRE                                         r  pixel_clk_signal/counter_reg[1]/D
  -------------------------------------------------------------------    -------------------

                         (clock sys_clk_pin rise edge)
                                                     10.000    10.000 r  
    W5                                                0.000    10.000 r  clk (IN)
                         net (fo=0)                   0.000    10.000    clk
    W5                   IBUF (Prop_ibuf_I_O)         1.388    11.388 r  clk_IBUF_inst/O
                         net (fo=1, routed)           1.862    13.250    clk_IBUF
    BUFGCTRL_X0Y1        BUFG (Prop_bufg_I_O)         0.091    13.341 r  clk_IBUF_BUFG_inst/O
                         net (fo=2, routed)           1.445    14.786    pixel_clk_signal/CLK
    SLICE_X36Y46         FDRE                                         r  pixel_clk_signal/counter_reg[1]/C
                         clock pessimism              0.300    15.086    
                         clock uncertainty           -0.035    15.051    
    SLICE_X36Y46         FDRE (Setup_fdre_C_D)        0.075    15.126    pixel_clk_signal/counter_reg[1]
  -------------------------------------------------------------------
                         required time                         15.126    
                         arrival time                          -6.784    
  -------------------------------------------------------------------
                         slack                                  8.341    

Slack (MET) :             8.777ns  (required time - arrival time)
  Source:                 pixel_clk_signal/counter_reg[0]/C
                            (rising edge-triggered cell FDRE clocked by sys_clk_pin  {rise@0.000ns fall@5.000ns period=10.000ns})
  Destination:            pixel_clk_signal/counter_reg[0]/D
                            (rising edge-triggered cell FDRE clocked by sys_clk_pin  {rise@0.000ns fall@5.000ns period=10.000ns})
  Path Group:             sys_clk_pin
  Path Type:              Setup (Max at Slow Process Corner)
  Requirement:            10.000ns  (sys_clk_pin rise@10.000ns - sys_clk_pin rise@0.000ns)
  Data Path Delay:        1.217ns  (logic 0.580ns (47.657%)  route 0.637ns (52.343%))
  Logic Levels:           1  (LUT1=1)
  Clock Path Skew:        0.000ns (DCD - SCD + CPR)
    Destination Clock Delay (DCD):    4.786ns = ( 14.786 - 10.000 ) 
    Source Clock Delay      (SCD):    5.086ns
    Clock Pessimism Removal (CPR):    0.300ns
  Clock Uncertainty:      0.035ns  ((TSJ^2 + TIJ^2)^1/2 + DJ) / 2 + PE
    Total System Jitter     (TSJ):    0.071ns
    Total Input Jitter      (TIJ):    0.000ns
    Discrete Jitter          (DJ):    0.000ns
    Phase Error              (PE):    0.000ns

    Location             Delay type                Incr(ns)  Path(ns)    Netlist Resource(s)
  -------------------------------------------------------------------    -------------------
                         (clock sys_clk_pin rise edge)
                                                      0.000     0.000 r  
    W5                                                0.000     0.000 r  clk (IN)
                         net (fo=0)                   0.000     0.000    clk
    W5                   IBUF (Prop_ibuf_I_O)         1.458     1.458 r  clk_IBUF_inst/O
                         net (fo=1, routed)           1.967     3.425    clk_IBUF
    BUFGCTRL_X0Y1        BUFG (Prop_bufg_I_O)         0.096     3.521 r  clk_IBUF_BUFG_inst/O
                         net (fo=2, routed)           1.565     5.086    pixel_clk_signal/CLK
    SLICE_X36Y46         FDRE                                         r  pixel_clk_signal/counter_reg[0]/C
  -------------------------------------------------------------------    -------------------
    SLICE_X36Y46         FDRE (Prop_fdre_C_Q)         0.456     5.542 f  pixel_clk_signal/counter_reg[0]/Q
                         net (fo=2, routed)           0.637     6.179    pixel_clk_signal/counter[0]
    SLICE_X36Y46         LUT1 (Prop_lut1_I0_O)        0.124     6.303 r  pixel_clk_signal/counter[0]_i_1/O
                         net (fo=1, routed)           0.000     6.303    pixel_clk_signal/counter[0]_i_1_n_0
    SLICE_X36Y46         FDRE                                         r  pixel_clk_signal/counter_reg[0]/D
  -------------------------------------------------------------------    -------------------

                         (clock sys_clk_pin rise edge)
                                                     10.000    10.000 r  
    W5                                                0.000    10.000 r  clk (IN)
                         net (fo=0)                   0.000    10.000    clk
    W5                   IBUF (Prop_ibuf_I_O)         1.388    11.388 r  clk_IBUF_inst/O
                         net (fo=1, routed)           1.862    13.250    clk_IBUF
    BUFGCTRL_X0Y1        BUFG (Prop_bufg_I_O)         0.091    13.341 r  clk_IBUF_BUFG_inst/O
                         net (fo=2, routed)           1.445    14.786    pixel_clk_signal/CLK
    SLICE_X36Y46         FDRE                                         r  pixel_clk_signal/counter_reg[0]/C
                         clock pessimism              0.300    15.086    
                         clock uncertainty           -0.035    15.051    
    SLICE_X36Y46         FDRE (Setup_fdre_C_D)        0.029    15.080    pixel_clk_signal/counter_reg[0]
  -------------------------------------------------------------------
                         required time                         15.080    
                         arrival time                          -6.303    
  -------------------------------------------------------------------
                         slack                                  8.777    





Min Delay Paths
--------------------------------------------------------------------------------------
Slack (MET) :             0.290ns  (arrival time - required time)
  Source:                 pixel_clk_signal/counter_reg[0]/C
                            (rising edge-triggered cell FDRE clocked by sys_clk_pin  {rise@0.000ns fall@5.000ns period=10.000ns})
  Destination:            pixel_clk_signal/counter_reg[1]/D
                            (rising edge-triggered cell FDRE clocked by sys_clk_pin  {rise@0.000ns fall@5.000ns period=10.000ns})
  Path Group:             sys_clk_pin
  Path Type:              Hold (Min at Fast Process Corner)
  Requirement:            0.000ns  (sys_clk_pin rise@0.000ns - sys_clk_pin rise@0.000ns)
  Data Path Delay:        0.397ns  (logic 0.187ns (47.100%)  route 0.210ns (52.900%))
  Logic Levels:           1  (LUT2=1)
  Clock Path Skew:        0.000ns (DCD - SCD - CPR)
    Destination Clock Delay (DCD):    1.959ns
    Source Clock Delay      (SCD):    1.446ns
    Clock Pessimism Removal (CPR):    0.513ns

    Location             Delay type                Incr(ns)  Path(ns)    Netlist Resource(s)
  -------------------------------------------------------------------    -------------------
                         (clock sys_clk_pin rise edge)
                                                      0.000     0.000 r  
    W5                                                0.000     0.000 r  clk (IN)
                         net (fo=0)                   0.000     0.000    clk
    W5                   IBUF (Prop_ibuf_I_O)         0.226     0.226 r  clk_IBUF_inst/O
                         net (fo=1, routed)           0.631     0.858    clk_IBUF
    BUFGCTRL_X0Y1        BUFG (Prop_bufg_I_O)         0.026     0.884 r  clk_IBUF_BUFG_inst/O
                         net (fo=2, routed)           0.563     1.446    pixel_clk_signal/CLK
    SLICE_X36Y46         FDRE                                         r  pixel_clk_signal/counter_reg[0]/C
  -------------------------------------------------------------------    -------------------
    SLICE_X36Y46         FDRE (Prop_fdre_C_Q)         0.141     1.587 r  pixel_clk_signal/counter_reg[0]/Q
                         net (fo=2, routed)           0.210     1.797    pixel_clk_signal/counter[0]
    SLICE_X36Y46         LUT2 (Prop_lut2_I0_O)        0.046     1.843 r  pixel_clk_signal/counter[1]_i_1/O
                         net (fo=1, routed)           0.000     1.843    pixel_clk_signal/counter[1]_i_1_n_0
    SLICE_X36Y46         FDRE                                         r  pixel_clk_signal/counter_reg[1]/D
  -------------------------------------------------------------------    -------------------

                         (clock sys_clk_pin rise edge)
                                                      0.000     0.000 r  
    W5                                                0.000     0.000 r  clk (IN)
                         net (fo=0)                   0.000     0.000    clk
    W5                   IBUF (Prop_ibuf_I_O)         0.414     0.414 r  clk_IBUF_inst/O
                         net (fo=1, routed)           0.685     1.099    clk_IBUF
    BUFGCTRL_X0Y1        BUFG (Prop_bufg_I_O)         0.029     1.128 r  clk_IBUF_BUFG_inst/O
                         net (fo=2, routed)           0.832     1.959    pixel_clk_signal/CLK
    SLICE_X36Y46         FDRE                                         r  pixel_clk_signal/counter_reg[1]/C
                         clock pessimism             -0.513     1.446    
    SLICE_X36Y46         FDRE (Hold_fdre_C_D)         0.107     1.553    pixel_clk_signal/counter_reg[1]
  -------------------------------------------------------------------
                         required time                         -1.553    
                         arrival time                           1.843    
  -------------------------------------------------------------------
                         slack                                  0.290    

Slack (MET) :             0.305ns  (arrival time - required time)
  Source:                 pixel_clk_signal/counter_reg[0]/C
                            (rising edge-triggered cell FDRE clocked by sys_clk_pin  {rise@0.000ns fall@5.000ns period=10.000ns})
  Destination:            pixel_clk_signal/counter_reg[0]/D
                            (rising edge-triggered cell FDRE clocked by sys_clk_pin  {rise@0.000ns fall@5.000ns period=10.000ns})
  Path Group:             sys_clk_pin
  Path Type:              Hold (Min at Fast Process Corner)
  Requirement:            0.000ns  (sys_clk_pin rise@0.000ns - sys_clk_pin rise@0.000ns)
  Data Path Delay:        0.396ns  (logic 0.186ns (46.966%)  route 0.210ns (53.034%))
  Logic Levels:           1  (LUT1=1)
  Clock Path Skew:        0.000ns (DCD - SCD - CPR)
    Destination Clock Delay (DCD):    1.959ns
    Source Clock Delay      (SCD):    1.446ns
    Clock Pessimism Removal (CPR):    0.513ns

    Location             Delay type                Incr(ns)  Path(ns)    Netlist Resource(s)
  -------------------------------------------------------------------    -------------------
                         (clock sys_clk_pin rise edge)
                                                      0.000     0.000 r  
    W5                                                0.000     0.000 r  clk (IN)
                         net (fo=0)                   0.000     0.000    clk
    W5                   IBUF (Prop_ibuf_I_O)         0.226     0.226 r  clk_IBUF_inst/O
                         net (fo=1, routed)           0.631     0.858    clk_IBUF
    BUFGCTRL_X0Y1        BUFG (Prop_bufg_I_O)         0.026     0.884 r  clk_IBUF_BUFG_inst/O
                         net (fo=2, routed)           0.563     1.446    pixel_clk_signal/CLK
    SLICE_X36Y46         FDRE                                         r  pixel_clk_signal/counter_reg[0]/C
  -------------------------------------------------------------------    -------------------
    SLICE_X36Y46         FDRE (Prop_fdre_C_Q)         0.141     1.587 f  pixel_clk_signal/counter_reg[0]/Q
                         net (fo=2, routed)           0.210     1.797    pixel_clk_signal/counter[0]
    SLICE_X36Y46         LUT1 (Prop_lut1_I0_O)        0.045     1.842 r  pixel_clk_signal/counter[0]_i_1/O
                         net (fo=1, routed)           0.000     1.842    pixel_clk_signal/counter[0]_i_1_n_0
    SLICE_X36Y46         FDRE                                         r  pixel_clk_signal/counter_reg[0]/D
  -------------------------------------------------------------------    -------------------

                         (clock sys_clk_pin rise edge)
                                                      0.000     0.000 r  
    W5                                                0.000     0.000 r  clk (IN)
                         net (fo=0)                   0.000     0.000    clk
    W5                   IBUF (Prop_ibuf_I_O)         0.414     0.414 r  clk_IBUF_inst/O
                         net (fo=1, routed)           0.685     1.099    clk_IBUF
    BUFGCTRL_X0Y1        BUFG (Prop_bufg_I_O)         0.029     1.128 r  clk_IBUF_BUFG_inst/O
                         net (fo=2, routed)           0.832     1.959    pixel_clk_signal/CLK
    SLICE_X36Y46         FDRE                                         r  pixel_clk_signal/counter_reg[0]/C
                         clock pessimism             -0.513     1.446    
    SLICE_X36Y46         FDRE (Hold_fdre_C_D)         0.091     1.537    pixel_clk_signal/counter_reg[0]
  -------------------------------------------------------------------
                         required time                         -1.537    
                         arrival time                           1.842    
  -------------------------------------------------------------------
                         slack                                  0.305    





Pulse Width Checks
--------------------------------------------------------------------------------------
Clock Name:         sys_clk_pin
Waveform(ns):       { 0.000 5.000 }
Period(ns):         10.000
Sources:            { clk }

Check Type        Corner  Lib Pin  Reference Pin  Required(ns)  Actual(ns)  Slack(ns)  Location       Pin
Min Period        n/a     BUFG/I   n/a            2.155         10.000      7.845      BUFGCTRL_X0Y1  clk_IBUF_BUFG_inst/I
Min Period        n/a     FDRE/C   n/a            1.000         10.000      9.000      SLICE_X36Y46   pixel_clk_signal/counter_reg[0]/C
Min Period        n/a     FDRE/C   n/a            1.000         10.000      9.000      SLICE_X36Y46   pixel_clk_signal/counter_reg[1]/C
Low Pulse Width   Slow    FDRE/C   n/a            0.500         5.000       4.500      SLICE_X36Y46   pixel_clk_signal/counter_reg[0]/C
Low Pulse Width   Fast    FDRE/C   n/a            0.500         5.000       4.500      SLICE_X36Y46   pixel_clk_signal/counter_reg[0]/C
Low Pulse Width   Slow    FDRE/C   n/a            0.500         5.000       4.500      SLICE_X36Y46   pixel_clk_signal/counter_reg[1]/C
Low Pulse Width   Fast    FDRE/C   n/a            0.500         5.000       4.500      SLICE_X36Y46   pixel_clk_signal/counter_reg[1]/C
High Pulse Width  Slow    FDRE/C   n/a            0.500         5.000       4.500      SLICE_X36Y46   pixel_clk_signal/counter_reg[0]/C
High Pulse Width  Fast    FDRE/C   n/a            0.500         5.000       4.500      SLICE_X36Y46   pixel_clk_signal/counter_reg[0]/C
High Pulse Width  Slow    FDRE/C   n/a            0.500         5.000       4.500      SLICE_X36Y46   pixel_clk_signal/counter_reg[1]/C
High Pulse Width  Fast    FDRE/C   n/a            0.500         5.000       4.500      SLICE_X36Y46   pixel_clk_signal/counter_reg[1]/C



--------------------------------------------------------------------------------------
Path Group:  (none)
From Clock:  
  To Clock:  

Max Delay            96 Endpoints
Min Delay            96 Endpoints
--------------------------------------------------------------------------------------


Max Delay Paths
--------------------------------------------------------------------------------------
Slack:                    inf
  Source:                 y_coord_reg[2]/C
                            (rising edge-triggered cell FDRE)
  Destination:            vgaRed[3]
                            (output port)
  Path Group:             (none)
  Path Type:              Max at Slow Process Corner
  Data Path Delay:        11.172ns  (logic 5.138ns (45.993%)  route 6.034ns (54.007%))
  Logic Levels:           7  (CARRY4=3 FDRE=1 LUT4=1 LUT6=1 OBUF=1)

    Location             Delay type                Incr(ns)  Path(ns)    Netlist Resource(s)
  -------------------------------------------------------------------    -------------------
    SLICE_X4Y65          FDRE                         0.000     0.000 r  y_coord_reg[2]/C
    SLICE_X4Y65          FDRE (Prop_fdre_C_Q)         0.456     0.456 r  y_coord_reg[2]/Q
                         net (fo=11, routed)          1.358     1.814    driver/change_y_direction_reg[2]
    SLICE_X1Y63          LUT4 (Prop_lut4_I0_O)        0.124     1.938 r  driver/vgaRed_OBUF[3]_inst_i_71/O
                         net (fo=1, routed)           0.000     1.938    driver/vgaRed_OBUF[3]_inst_i_71_n_0
    SLICE_X1Y63          CARRY4 (Prop_carry4_S[3]_CO[3])
                                                      0.401     2.339 r  driver/vgaRed_OBUF[3]_inst_i_34/CO[3]
                         net (fo=1, routed)           0.000     2.339    driver/vgaRed_OBUF[3]_inst_i_34_n_0
    SLICE_X1Y64          CARRY4 (Prop_carry4_CI_CO[3])
                                                      0.114     2.453 r  driver/vgaRed_OBUF[3]_inst_i_13/CO[3]
                         net (fo=1, routed)           0.000     2.453    driver/vgaRed_OBUF[3]_inst_i_13_n_0
    SLICE_X1Y65          CARRY4 (Prop_carry4_CI_CO[2])
                                                      0.228     2.681 f  driver/vgaRed_OBUF[3]_inst_i_4/CO[2]
                         net (fo=1, routed)           1.027     3.708    driver/vgaRed_OBUF[3]_inst_i_4_n_1
    SLICE_X2Y58          LUT6 (Prop_lut6_I3_O)        0.313     4.021 r  driver/vgaRed_OBUF[3]_inst_i_1/O
                         net (fo=12, routed)          3.648     7.670    vgaGreen_OBUF[0]
    N19                  OBUF (Prop_obuf_I_O)         3.502    11.172 r  vgaRed_OBUF[3]_inst/O
                         net (fo=0)                   0.000    11.172    vgaRed[3]
    N19                                                               r  vgaRed[3] (OUT)
  -------------------------------------------------------------------    -------------------

Slack:                    inf
  Source:                 y_coord_reg[2]/C
                            (rising edge-triggered cell FDRE)
  Destination:            vgaBlue[0]
                            (output port)
  Path Group:             (none)
  Path Type:              Max at Slow Process Corner
  Data Path Delay:        11.025ns  (logic 5.131ns (46.542%)  route 5.894ns (53.458%))
  Logic Levels:           7  (CARRY4=3 FDRE=1 LUT4=1 LUT6=1 OBUF=1)

    Location             Delay type                Incr(ns)  Path(ns)    Netlist Resource(s)
  -------------------------------------------------------------------    -------------------
    SLICE_X4Y65          FDRE                         0.000     0.000 r  y_coord_reg[2]/C
    SLICE_X4Y65          FDRE (Prop_fdre_C_Q)         0.456     0.456 r  y_coord_reg[2]/Q
                         net (fo=11, routed)          1.358     1.814    driver/change_y_direction_reg[2]
    SLICE_X1Y63          LUT4 (Prop_lut4_I0_O)        0.124     1.938 r  driver/vgaRed_OBUF[3]_inst_i_71/O
                         net (fo=1, routed)           0.000     1.938    driver/vgaRed_OBUF[3]_inst_i_71_n_0
    SLICE_X1Y63          CARRY4 (Prop_carry4_S[3]_CO[3])
                                                      0.401     2.339 r  driver/vgaRed_OBUF[3]_inst_i_34/CO[3]
                         net (fo=1, routed)           0.000     2.339    driver/vgaRed_OBUF[3]_inst_i_34_n_0
    SLICE_X1Y64          CARRY4 (Prop_carry4_CI_CO[3])
                                                      0.114     2.453 r  driver/vgaRed_OBUF[3]_inst_i_13/CO[3]
                         net (fo=1, routed)           0.000     2.453    driver/vgaRed_OBUF[3]_inst_i_13_n_0
    SLICE_X1Y65          CARRY4 (Prop_carry4_CI_CO[2])
                                                      0.228     2.681 f  driver/vgaRed_OBUF[3]_inst_i_4/CO[2]
                         net (fo=1, routed)           1.027     3.708    driver/vgaRed_OBUF[3]_inst_i_4_n_1
    SLICE_X2Y58          LUT6 (Prop_lut6_I3_O)        0.313     4.021 r  driver/vgaRed_OBUF[3]_inst_i_1/O
                         net (fo=12, routed)          3.508     7.530    vgaGreen_OBUF[0]
    N18                  OBUF (Prop_obuf_I_O)         3.495    11.025 r  vgaBlue_OBUF[0]_inst/O
                         net (fo=0)                   0.000    11.025    vgaBlue[0]
    N18                                                               r  vgaBlue[0] (OUT)
  -------------------------------------------------------------------    -------------------

Slack:                    inf
  Source:                 y_coord_reg[2]/C
                            (rising edge-triggered cell FDRE)
  Destination:            vgaBlue[2]
                            (output port)
  Path Group:             (none)
  Path Type:              Max at Slow Process Corner
  Data Path Delay:        10.899ns  (logic 5.155ns (47.298%)  route 5.744ns (52.702%))
  Logic Levels:           7  (CARRY4=3 FDRE=1 LUT4=1 LUT6=1 OBUF=1)

    Location             Delay type                Incr(ns)  Path(ns)    Netlist Resource(s)
  -------------------------------------------------------------------    -------------------
    SLICE_X4Y65          FDRE                         0.000     0.000 r  y_coord_reg[2]/C
    SLICE_X4Y65          FDRE (Prop_fdre_C_Q)         0.456     0.456 r  y_coord_reg[2]/Q
                         net (fo=11, routed)          1.358     1.814    driver/change_y_direction_reg[2]
    SLICE_X1Y63          LUT4 (Prop_lut4_I0_O)        0.124     1.938 r  driver/vgaRed_OBUF[3]_inst_i_71/O
                         net (fo=1, routed)           0.000     1.938    driver/vgaRed_OBUF[3]_inst_i_71_n_0
    SLICE_X1Y63          CARRY4 (Prop_carry4_S[3]_CO[3])
                                                      0.401     2.339 r  driver/vgaRed_OBUF[3]_inst_i_34/CO[3]
                         net (fo=1, routed)           0.000     2.339    driver/vgaRed_OBUF[3]_inst_i_34_n_0
    SLICE_X1Y64          CARRY4 (Prop_carry4_CI_CO[3])
                                                      0.114     2.453 r  driver/vgaRed_OBUF[3]_inst_i_13/CO[3]
                         net (fo=1, routed)           0.000     2.453    driver/vgaRed_OBUF[3]_inst_i_13_n_0
    SLICE_X1Y65          CARRY4 (Prop_carry4_CI_CO[2])
                                                      0.228     2.681 f  driver/vgaRed_OBUF[3]_inst_i_4/CO[2]
                         net (fo=1, routed)           1.027     3.708    driver/vgaRed_OBUF[3]_inst_i_4_n_1
    SLICE_X2Y58          LUT6 (Prop_lut6_I3_O)        0.313     4.021 r  driver/vgaRed_OBUF[3]_inst_i_1/O
                         net (fo=12, routed)          3.358     7.380    vgaGreen_OBUF[0]
    K18                  OBUF (Prop_obuf_I_O)         3.519    10.899 r  vgaBlue_OBUF[2]_inst/O
                         net (fo=0)                   0.000    10.899    vgaBlue[2]
    K18                                                               r  vgaBlue[2] (OUT)
  -------------------------------------------------------------------    -------------------

Slack:                    inf
  Source:                 y_coord_reg[2]/C
                            (rising edge-triggered cell FDRE)
  Destination:            vgaBlue[1]
                            (output port)
  Path Group:             (none)
  Path Type:              Max at Slow Process Corner
  Data Path Delay:        10.733ns  (logic 5.139ns (47.883%)  route 5.594ns (52.117%))
  Logic Levels:           7  (CARRY4=3 FDRE=1 LUT4=1 LUT6=1 OBUF=1)

    Location             Delay type                Incr(ns)  Path(ns)    Netlist Resource(s)
  -------------------------------------------------------------------    -------------------
    SLICE_X4Y65          FDRE                         0.000     0.000 r  y_coord_reg[2]/C
    SLICE_X4Y65          FDRE (Prop_fdre_C_Q)         0.456     0.456 r  y_coord_reg[2]/Q
                         net (fo=11, routed)          1.358     1.814    driver/change_y_direction_reg[2]
    SLICE_X1Y63          LUT4 (Prop_lut4_I0_O)        0.124     1.938 r  driver/vgaRed_OBUF[3]_inst_i_71/O
                         net (fo=1, routed)           0.000     1.938    driver/vgaRed_OBUF[3]_inst_i_71_n_0
    SLICE_X1Y63          CARRY4 (Prop_carry4_S[3]_CO[3])
                                                      0.401     2.339 r  driver/vgaRed_OBUF[3]_inst_i_34/CO[3]
                         net (fo=1, routed)           0.000     2.339    driver/vgaRed_OBUF[3]_inst_i_34_n_0
    SLICE_X1Y64          CARRY4 (Prop_carry4_CI_CO[3])
                                                      0.114     2.453 r  driver/vgaRed_OBUF[3]_inst_i_13/CO[3]
                         net (fo=1, routed)           0.000     2.453    driver/vgaRed_OBUF[3]_inst_i_13_n_0
    SLICE_X1Y65          CARRY4 (Prop_carry4_CI_CO[2])
                                                      0.228     2.681 f  driver/vgaRed_OBUF[3]_inst_i_4/CO[2]
                         net (fo=1, routed)           1.027     3.708    driver/vgaRed_OBUF[3]_inst_i_4_n_1
    SLICE_X2Y58          LUT6 (Prop_lut6_I3_O)        0.313     4.021 r  driver/vgaRed_OBUF[3]_inst_i_1/O
                         net (fo=12, routed)          3.208     7.230    vgaGreen_OBUF[0]
    L18                  OBUF (Prop_obuf_I_O)         3.503    10.733 r  vgaBlue_OBUF[1]_inst/O
                         net (fo=0)                   0.000    10.733    vgaBlue[1]
    L18                                                               r  vgaBlue[1] (OUT)
  -------------------------------------------------------------------    -------------------

Slack:                    inf
  Source:                 y_coord_reg[2]/C
                            (rising edge-triggered cell FDRE)
  Destination:            vgaBlue[3]
                            (output port)
  Path Group:             (none)
  Path Type:              Max at Slow Process Corner
  Data Path Delay:        10.605ns  (logic 5.161ns (48.664%)  route 5.444ns (51.336%))
  Logic Levels:           7  (CARRY4=3 FDRE=1 LUT4=1 LUT6=1 OBUF=1)

    Location             Delay type                Incr(ns)  Path(ns)    Netlist Resource(s)
  -------------------------------------------------------------------    -------------------
    SLICE_X4Y65          FDRE                         0.000     0.000 r  y_coord_reg[2]/C
    SLICE_X4Y65          FDRE (Prop_fdre_C_Q)         0.456     0.456 r  y_coord_reg[2]/Q
                         net (fo=11, routed)          1.358     1.814    driver/change_y_direction_reg[2]
    SLICE_X1Y63          LUT4 (Prop_lut4_I0_O)        0.124     1.938 r  driver/vgaRed_OBUF[3]_inst_i_71/O
                         net (fo=1, routed)           0.000     1.938    driver/vgaRed_OBUF[3]_inst_i_71_n_0
    SLICE_X1Y63          CARRY4 (Prop_carry4_S[3]_CO[3])
                                                      0.401     2.339 r  driver/vgaRed_OBUF[3]_inst_i_34/CO[3]
                         net (fo=1, routed)           0.000     2.339    driver/vgaRed_OBUF[3]_inst_i_34_n_0
    SLICE_X1Y64          CARRY4 (Prop_carry4_CI_CO[3])
                                                      0.114     2.453 r  driver/vgaRed_OBUF[3]_inst_i_13/CO[3]
                         net (fo=1, routed)           0.000     2.453    driver/vgaRed_OBUF[3]_inst_i_13_n_0
    SLICE_X1Y65          CARRY4 (Prop_carry4_CI_CO[2])
                                                      0.228     2.681 f  driver/vgaRed_OBUF[3]_inst_i_4/CO[2]
                         net (fo=1, routed)           1.027     3.708    driver/vgaRed_OBUF[3]_inst_i_4_n_1
    SLICE_X2Y58          LUT6 (Prop_lut6_I3_O)        0.313     4.021 r  driver/vgaRed_OBUF[3]_inst_i_1/O
                         net (fo=12, routed)          3.059     7.080    vgaGreen_OBUF[0]
    J18                  OBUF (Prop_obuf_I_O)         3.525    10.605 r  vgaBlue_OBUF[3]_inst/O
                         net (fo=0)                   0.000    10.605    vgaBlue[3]
    J18                                                               r  vgaBlue[3] (OUT)
  -------------------------------------------------------------------    -------------------

Slack:                    inf
  Source:                 y_coord_reg[2]/C
                            (rising edge-triggered cell FDRE)
  Destination:            vgaGreen[0]
                            (output port)
  Path Group:             (none)
  Path Type:              Max at Slow Process Corner
  Data Path Delay:        10.451ns  (logic 5.157ns (49.344%)  route 5.294ns (50.656%))
  Logic Levels:           7  (CARRY4=3 FDRE=1 LUT4=1 LUT6=1 OBUF=1)

    Location             Delay type                Incr(ns)  Path(ns)    Netlist Resource(s)
  -------------------------------------------------------------------    -------------------
    SLICE_X4Y65          FDRE                         0.000     0.000 r  y_coord_reg[2]/C
    SLICE_X4Y65          FDRE (Prop_fdre_C_Q)         0.456     0.456 r  y_coord_reg[2]/Q
                         net (fo=11, routed)          1.358     1.814    driver/change_y_direction_reg[2]
    SLICE_X1Y63          LUT4 (Prop_lut4_I0_O)        0.124     1.938 r  driver/vgaRed_OBUF[3]_inst_i_71/O
                         net (fo=1, routed)           0.000     1.938    driver/vgaRed_OBUF[3]_inst_i_71_n_0
    SLICE_X1Y63          CARRY4 (Prop_carry4_S[3]_CO[3])
                                                      0.401     2.339 r  driver/vgaRed_OBUF[3]_inst_i_34/CO[3]
                         net (fo=1, routed)           0.000     2.339    driver/vgaRed_OBUF[3]_inst_i_34_n_0
    SLICE_X1Y64          CARRY4 (Prop_carry4_CI_CO[3])
                                                      0.114     2.453 r  driver/vgaRed_OBUF[3]_inst_i_13/CO[3]
                         net (fo=1, routed)           0.000     2.453    driver/vgaRed_OBUF[3]_inst_i_13_n_0
    SLICE_X1Y65          CARRY4 (Prop_carry4_CI_CO[2])
                                                      0.228     2.681 f  driver/vgaRed_OBUF[3]_inst_i_4/CO[2]
                         net (fo=1, routed)           1.027     3.708    driver/vgaRed_OBUF[3]_inst_i_4_n_1
    SLICE_X2Y58          LUT6 (Prop_lut6_I3_O)        0.313     4.021 r  driver/vgaRed_OBUF[3]_inst_i_1/O
                         net (fo=12, routed)          2.909     6.930    vgaGreen_OBUF[0]
    J17                  OBUF (Prop_obuf_I_O)         3.521    10.451 r  vgaGreen_OBUF[0]_inst/O
                         net (fo=0)                   0.000    10.451    vgaGreen[0]
    J17                                                               r  vgaGreen[0] (OUT)
  -------------------------------------------------------------------    -------------------

Slack:                    inf
  Source:                 y_coord_reg[2]/C
                            (rising edge-triggered cell FDRE)
  Destination:            vgaRed[2]
                            (output port)
  Path Group:             (none)
  Path Type:              Max at Slow Process Corner
  Data Path Delay:        10.304ns  (logic 5.160ns (50.076%)  route 5.144ns (49.924%))
  Logic Levels:           7  (CARRY4=3 FDRE=1 LUT4=1 LUT6=1 OBUF=1)

    Location             Delay type                Incr(ns)  Path(ns)    Netlist Resource(s)
  -------------------------------------------------------------------    -------------------
    SLICE_X4Y65          FDRE                         0.000     0.000 r  y_coord_reg[2]/C
    SLICE_X4Y65          FDRE (Prop_fdre_C_Q)         0.456     0.456 r  y_coord_reg[2]/Q
                         net (fo=11, routed)          1.358     1.814    driver/change_y_direction_reg[2]
    SLICE_X1Y63          LUT4 (Prop_lut4_I0_O)        0.124     1.938 r  driver/vgaRed_OBUF[3]_inst_i_71/O
                         net (fo=1, routed)           0.000     1.938    driver/vgaRed_OBUF[3]_inst_i_71_n_0
    SLICE_X1Y63          CARRY4 (Prop_carry4_S[3]_CO[3])
                                                      0.401     2.339 r  driver/vgaRed_OBUF[3]_inst_i_34/CO[3]
                         net (fo=1, routed)           0.000     2.339    driver/vgaRed_OBUF[3]_inst_i_34_n_0
    SLICE_X1Y64          CARRY4 (Prop_carry4_CI_CO[3])
                                                      0.114     2.453 r  driver/vgaRed_OBUF[3]_inst_i_13/CO[3]
                         net (fo=1, routed)           0.000     2.453    driver/vgaRed_OBUF[3]_inst_i_13_n_0
    SLICE_X1Y65          CARRY4 (Prop_carry4_CI_CO[2])
                                                      0.228     2.681 f  driver/vgaRed_OBUF[3]_inst_i_4/CO[2]
                         net (fo=1, routed)           1.027     3.708    driver/vgaRed_OBUF[3]_inst_i_4_n_1
    SLICE_X2Y58          LUT6 (Prop_lut6_I3_O)        0.313     4.021 r  driver/vgaRed_OBUF[3]_inst_i_1/O
                         net (fo=12, routed)          2.759     6.780    vgaGreen_OBUF[0]
    J19                  OBUF (Prop_obuf_I_O)         3.524    10.304 r  vgaRed_OBUF[2]_inst/O
                         net (fo=0)                   0.000    10.304    vgaRed[2]
    J19                                                               r  vgaRed[2] (OUT)
  -------------------------------------------------------------------    -------------------

Slack:                    inf
  Source:                 y_coord_reg[2]/C
                            (rising edge-triggered cell FDRE)
  Destination:            vgaGreen[2]
                            (output port)
  Path Group:             (none)
  Path Type:              Max at Slow Process Corner
  Data Path Delay:        10.156ns  (logic 5.165ns (50.858%)  route 4.991ns (49.142%))
  Logic Levels:           7  (CARRY4=3 FDRE=1 LUT4=1 LUT6=1 OBUF=1)

    Location             Delay type                Incr(ns)  Path(ns)    Netlist Resource(s)
  -------------------------------------------------------------------    -------------------
    SLICE_X4Y65          FDRE                         0.000     0.000 r  y_coord_reg[2]/C
    SLICE_X4Y65          FDRE (Prop_fdre_C_Q)         0.456     0.456 r  y_coord_reg[2]/Q
                         net (fo=11, routed)          1.358     1.814    driver/change_y_direction_reg[2]
    SLICE_X1Y63          LUT4 (Prop_lut4_I0_O)        0.124     1.938 r  driver/vgaRed_OBUF[3]_inst_i_71/O
                         net (fo=1, routed)           0.000     1.938    driver/vgaRed_OBUF[3]_inst_i_71_n_0
    SLICE_X1Y63          CARRY4 (Prop_carry4_S[3]_CO[3])
                                                      0.401     2.339 r  driver/vgaRed_OBUF[3]_inst_i_34/CO[3]
                         net (fo=1, routed)           0.000     2.339    driver/vgaRed_OBUF[3]_inst_i_34_n_0
    SLICE_X1Y64          CARRY4 (Prop_carry4_CI_CO[3])
                                                      0.114     2.453 r  driver/vgaRed_OBUF[3]_inst_i_13/CO[3]
                         net (fo=1, routed)           0.000     2.453    driver/vgaRed_OBUF[3]_inst_i_13_n_0
    SLICE_X1Y65          CARRY4 (Prop_carry4_CI_CO[2])
                                                      0.228     2.681 f  driver/vgaRed_OBUF[3]_inst_i_4/CO[2]
                         net (fo=1, routed)           1.027     3.708    driver/vgaRed_OBUF[3]_inst_i_4_n_1
    SLICE_X2Y58          LUT6 (Prop_lut6_I3_O)        0.313     4.021 r  driver/vgaRed_OBUF[3]_inst_i_1/O
                         net (fo=12, routed)          2.605     6.627    vgaGreen_OBUF[0]
    G17                  OBUF (Prop_obuf_I_O)         3.529    10.156 r  vgaGreen_OBUF[2]_inst/O
                         net (fo=0)                   0.000    10.156    vgaGreen[2]
    G17                                                               r  vgaGreen[2] (OUT)
  -------------------------------------------------------------------    -------------------

Slack:                    inf
  Source:                 y_coord_reg[2]/C
                            (rising edge-triggered cell FDRE)
  Destination:            vgaGreen[1]
                            (output port)
  Path Group:             (none)
  Path Type:              Max at Slow Process Corner
  Data Path Delay:        9.982ns  (logic 5.141ns (51.505%)  route 4.841ns (48.495%))
  Logic Levels:           7  (CARRY4=3 FDRE=1 LUT4=1 LUT6=1 OBUF=1)

    Location             Delay type                Incr(ns)  Path(ns)    Netlist Resource(s)
  -------------------------------------------------------------------    -------------------
    SLICE_X4Y65          FDRE                         0.000     0.000 r  y_coord_reg[2]/C
    SLICE_X4Y65          FDRE (Prop_fdre_C_Q)         0.456     0.456 r  y_coord_reg[2]/Q
                         net (fo=11, routed)          1.358     1.814    driver/change_y_direction_reg[2]
    SLICE_X1Y63          LUT4 (Prop_lut4_I0_O)        0.124     1.938 r  driver/vgaRed_OBUF[3]_inst_i_71/O
                         net (fo=1, routed)           0.000     1.938    driver/vgaRed_OBUF[3]_inst_i_71_n_0
    SLICE_X1Y63          CARRY4 (Prop_carry4_S[3]_CO[3])
                                                      0.401     2.339 r  driver/vgaRed_OBUF[3]_inst_i_34/CO[3]
                         net (fo=1, routed)           0.000     2.339    driver/vgaRed_OBUF[3]_inst_i_34_n_0
    SLICE_X1Y64          CARRY4 (Prop_carry4_CI_CO[3])
                                                      0.114     2.453 r  driver/vgaRed_OBUF[3]_inst_i_13/CO[3]
                         net (fo=1, routed)           0.000     2.453    driver/vgaRed_OBUF[3]_inst_i_13_n_0
    SLICE_X1Y65          CARRY4 (Prop_carry4_CI_CO[2])
                                                      0.228     2.681 f  driver/vgaRed_OBUF[3]_inst_i_4/CO[2]
                         net (fo=1, routed)           1.027     3.708    driver/vgaRed_OBUF[3]_inst_i_4_n_1
    SLICE_X2Y58          LUT6 (Prop_lut6_I3_O)        0.313     4.021 r  driver/vgaRed_OBUF[3]_inst_i_1/O
                         net (fo=12, routed)          2.455     6.477    vgaGreen_OBUF[0]
    H17                  OBUF (Prop_obuf_I_O)         3.505     9.982 r  vgaGreen_OBUF[1]_inst/O
                         net (fo=0)                   0.000     9.982    vgaGreen[1]
    H17                                                               r  vgaGreen[1] (OUT)
  -------------------------------------------------------------------    -------------------

Slack:                    inf
  Source:                 y_coord_reg[2]/C
                            (rising edge-triggered cell FDRE)
  Destination:            vgaRed[0]
                            (output port)
  Path Group:             (none)
  Path Type:              Max at Slow Process Corner
  Data Path Delay:        9.851ns  (logic 5.160ns (52.379%)  route 4.691ns (47.621%))
  Logic Levels:           7  (CARRY4=3 FDRE=1 LUT4=1 LUT6=1 OBUF=1)

    Location             Delay type                Incr(ns)  Path(ns)    Netlist Resource(s)
  -------------------------------------------------------------------    -------------------
    SLICE_X4Y65          FDRE                         0.000     0.000 r  y_coord_reg[2]/C
    SLICE_X4Y65          FDRE (Prop_fdre_C_Q)         0.456     0.456 r  y_coord_reg[2]/Q
                         net (fo=11, routed)          1.358     1.814    driver/change_y_direction_reg[2]
    SLICE_X1Y63          LUT4 (Prop_lut4_I0_O)        0.124     1.938 r  driver/vgaRed_OBUF[3]_inst_i_71/O
                         net (fo=1, routed)           0.000     1.938    driver/vgaRed_OBUF[3]_inst_i_71_n_0
    SLICE_X1Y63          CARRY4 (Prop_carry4_S[3]_CO[3])
                                                      0.401     2.339 r  driver/vgaRed_OBUF[3]_inst_i_34/CO[3]
                         net (fo=1, routed)           0.000     2.339    driver/vgaRed_OBUF[3]_inst_i_34_n_0
    SLICE_X1Y64          CARRY4 (Prop_carry4_CI_CO[3])
                                                      0.114     2.453 r  driver/vgaRed_OBUF[3]_inst_i_13/CO[3]
                         net (fo=1, routed)           0.000     2.453    driver/vgaRed_OBUF[3]_inst_i_13_n_0
    SLICE_X1Y65          CARRY4 (Prop_carry4_CI_CO[2])
                                                      0.228     2.681 f  driver/vgaRed_OBUF[3]_inst_i_4/CO[2]
                         net (fo=1, routed)           1.027     3.708    driver/vgaRed_OBUF[3]_inst_i_4_n_1
    SLICE_X2Y58          LUT6 (Prop_lut6_I3_O)        0.313     4.021 r  driver/vgaRed_OBUF[3]_inst_i_1/O
                         net (fo=12, routed)          2.306     6.327    vgaGreen_OBUF[0]
    G19                  OBUF (Prop_obuf_I_O)         3.524     9.851 r  vgaRed_OBUF[0]_inst/O
                         net (fo=0)                   0.000     9.851    vgaRed[0]
    G19                                                               r  vgaRed[0] (OUT)
  -------------------------------------------------------------------    -------------------





Min Delay Paths
--------------------------------------------------------------------------------------
Slack:                    inf
  Source:                 driver/vcount_reg[0]/C
                            (rising edge-triggered cell FDRE)
  Destination:            driver/vcount_reg[5]/D
  Path Group:             (none)
  Path Type:              Min at Fast Process Corner
  Data Path Delay:        0.333ns  (logic 0.186ns (55.877%)  route 0.147ns (44.123%))
  Logic Levels:           2  (FDRE=1 LUT6=1)

    Location             Delay type                Incr(ns)  Path(ns)    Netlist Resource(s)
  -------------------------------------------------------------------    -------------------
    SLICE_X3Y64          FDRE                         0.000     0.000 r  driver/vcount_reg[0]/C
    SLICE_X3Y64          FDRE (Prop_fdre_C_Q)         0.141     0.141 r  driver/vcount_reg[0]/Q
                         net (fo=15, routed)          0.147     0.288    driver/vcount[0]
    SLICE_X2Y64          LUT6 (Prop_lut6_I2_O)        0.045     0.333 r  driver/vcount[5]_i_1/O
                         net (fo=1, routed)           0.000     0.333    driver/vcount[5]_i_1_n_0
    SLICE_X2Y64          FDRE                                         r  driver/vcount_reg[5]/D
  -------------------------------------------------------------------    -------------------

Slack:                    inf
  Source:                 driver/hcount_reg[2]/C
                            (rising edge-triggered cell FDRE)
  Destination:            driver/hcount_reg[6]/D
  Path Group:             (none)
  Path Type:              Min at Fast Process Corner
  Data Path Delay:        0.338ns  (logic 0.209ns (61.899%)  route 0.129ns (38.101%))
  Logic Levels:           2  (FDRE=1 LUT6=1)

    Location             Delay type                Incr(ns)  Path(ns)    Netlist Resource(s)
  -------------------------------------------------------------------    -------------------
    SLICE_X2Y58          FDRE                         0.000     0.000 r  driver/hcount_reg[2]/C
    SLICE_X2Y58          FDRE (Prop_fdre_C_Q)         0.164     0.164 r  driver/hcount_reg[2]/Q
                         net (fo=12, routed)          0.129     0.293    driver/hcount[2]
    SLICE_X3Y58          LUT6 (Prop_lut6_I3_O)        0.045     0.338 r  driver/hcount[6]_i_1/O
                         net (fo=1, routed)           0.000     0.338    driver/hcount[6]_i_1_n_0
    SLICE_X3Y58          FDRE                                         r  driver/hcount_reg[6]/D
  -------------------------------------------------------------------    -------------------

Slack:                    inf
  Source:                 driver/hcount_reg[8]/C
                            (rising edge-triggered cell FDRE)
  Destination:            driver/hcount_reg[9]/D
  Path Group:             (none)
  Path Type:              Min at Fast Process Corner
  Data Path Delay:        0.348ns  (logic 0.246ns (70.607%)  route 0.102ns (29.393%))
  Logic Levels:           2  (FDRE=1 LUT6=1)

    Location             Delay type                Incr(ns)  Path(ns)    Netlist Resource(s)
  -------------------------------------------------------------------    -------------------
    SLICE_X2Y55          FDRE                         0.000     0.000 r  driver/hcount_reg[8]/C
    SLICE_X2Y55          FDRE (Prop_fdre_C_Q)         0.148     0.148 r  driver/hcount_reg[8]/Q
                         net (fo=10, routed)          0.102     0.250    driver/hcount[8]
    SLICE_X2Y55          LUT6 (Prop_lut6_I0_O)        0.098     0.348 r  driver/hcount[9]_i_1/O
                         net (fo=1, routed)           0.000     0.348    driver/hcount[9]_i_1_n_0
    SLICE_X2Y55          FDRE                                         r  driver/hcount_reg[9]/D
  -------------------------------------------------------------------    -------------------

Slack:                    inf
  Source:                 x_coord_reg[0]/C
                            (rising edge-triggered cell FDRE)
  Destination:            x_coord_reg[0]/D
  Path Group:             (none)
  Path Type:              Min at Fast Process Corner
  Data Path Delay:        0.354ns  (logic 0.186ns (52.507%)  route 0.168ns (47.493%))
  Logic Levels:           2  (FDRE=1 LUT1=1)

    Location             Delay type                Incr(ns)  Path(ns)    Netlist Resource(s)
  -------------------------------------------------------------------    -------------------
    SLICE_X3Y59          FDRE                         0.000     0.000 r  x_coord_reg[0]/C
    SLICE_X3Y59          FDRE (Prop_fdre_C_Q)         0.141     0.141 f  x_coord_reg[0]/Q
                         net (fo=8, routed)           0.168     0.309    x_coord_reg[0]
    SLICE_X3Y59          LUT1 (Prop_lut1_I0_O)        0.045     0.354 r  x_coord[0]_i_1/O
                         net (fo=1, routed)           0.000     0.354    p_0_in[0]
    SLICE_X3Y59          FDRE                                         r  x_coord_reg[0]/D
  -------------------------------------------------------------------    -------------------

Slack:                    inf
  Source:                 driver/vcount_reg[5]/C
                            (rising edge-triggered cell FDRE)
  Destination:            driver/vcount_reg[6]/D
  Path Group:             (none)
  Path Type:              Min at Fast Process Corner
  Data Path Delay:        0.361ns  (logic 0.209ns (57.929%)  route 0.152ns (42.071%))
  Logic Levels:           2  (FDRE=1 LUT6=1)

    Location             Delay type                Incr(ns)  Path(ns)    Netlist Resource(s)
  -------------------------------------------------------------------    -------------------
    SLICE_X2Y64          FDRE                         0.000     0.000 r  driver/vcount_reg[5]/C
    SLICE_X2Y64          FDRE (Prop_fdre_C_Q)         0.164     0.164 r  driver/vcount_reg[5]/Q
                         net (fo=12, routed)          0.152     0.316    driver/vcount[5]
    SLICE_X3Y64          LUT6 (Prop_lut6_I0_O)        0.045     0.361 r  driver/vcount[6]_i_1/O
                         net (fo=1, routed)           0.000     0.361    driver/vcount[6]_i_1_n_0
    SLICE_X3Y64          FDRE                                         r  driver/vcount_reg[6]/D
  -------------------------------------------------------------------    -------------------

Slack:                    inf
  Source:                 driver/hcount_reg[4]/C
                            (rising edge-triggered cell FDRE)
  Destination:            driver/hcount_reg[4]/D
  Path Group:             (none)
  Path Type:              Min at Fast Process Corner
  Data Path Delay:        0.363ns  (logic 0.183ns (50.361%)  route 0.180ns (49.639%))
  Logic Levels:           2  (FDRE=1 LUT5=1)

    Location             Delay type                Incr(ns)  Path(ns)    Netlist Resource(s)
  -------------------------------------------------------------------    -------------------
    SLICE_X3Y55          FDRE                         0.000     0.000 r  driver/hcount_reg[4]/C
    SLICE_X3Y55          FDRE (Prop_fdre_C_Q)         0.141     0.141 r  driver/hcount_reg[4]/Q
                         net (fo=10, routed)          0.180     0.321    driver/hcount[4]
    SLICE_X3Y55          LUT5 (Prop_lut5_I4_O)        0.042     0.363 r  driver/hcount[4]_i_1/O
                         net (fo=1, routed)           0.000     0.363    driver/hcount[4]_i_1_n_0
    SLICE_X3Y55          FDRE                                         r  driver/hcount_reg[4]/D
  -------------------------------------------------------------------    -------------------

Slack:                    inf
  Source:                 driver/vcount_reg[0]/C
                            (rising edge-triggered cell FDRE)
  Destination:            driver/vcount_reg[2]/D
  Path Group:             (none)
  Path Type:              Min at Fast Process Corner
  Data Path Delay:        0.364ns  (logic 0.186ns (51.114%)  route 0.178ns (48.886%))
  Logic Levels:           2  (FDRE=1 LUT6=1)

    Location             Delay type                Incr(ns)  Path(ns)    Netlist Resource(s)
  -------------------------------------------------------------------    -------------------
    SLICE_X3Y64          FDRE                         0.000     0.000 r  driver/vcount_reg[0]/C
    SLICE_X3Y64          FDRE (Prop_fdre_C_Q)         0.141     0.141 r  driver/vcount_reg[0]/Q
                         net (fo=15, routed)          0.178     0.319    driver/vcount[0]
    SLICE_X4Y64          LUT6 (Prop_lut6_I3_O)        0.045     0.364 r  driver/vcount[2]_i_1/O
                         net (fo=1, routed)           0.000     0.364    driver/vcount[2]_i_1_n_0
    SLICE_X4Y64          FDRE                                         r  driver/vcount_reg[2]/D
  -------------------------------------------------------------------    -------------------

Slack:                    inf
  Source:                 driver/vcount_reg[9]/C
                            (rising edge-triggered cell FDRE)
  Destination:            driver/vcount_reg[9]/D
  Path Group:             (none)
  Path Type:              Min at Fast Process Corner
  Data Path Delay:        0.364ns  (logic 0.186ns (51.110%)  route 0.178ns (48.890%))
  Logic Levels:           2  (FDRE=1 LUT6=1)

    Location             Delay type                Incr(ns)  Path(ns)    Netlist Resource(s)
  -------------------------------------------------------------------    -------------------
    SLICE_X4Y64          FDRE                         0.000     0.000 r  driver/vcount_reg[9]/C
    SLICE_X4Y64          FDRE (Prop_fdre_C_Q)         0.141     0.141 r  driver/vcount_reg[9]/Q
                         net (fo=12, routed)          0.178     0.319    driver/vcount[9]
    SLICE_X4Y64          LUT6 (Prop_lut6_I1_O)        0.045     0.364 r  driver/vcount[9]_i_2/O
                         net (fo=1, routed)           0.000     0.364    driver/vcount[9]_i_2_n_0
    SLICE_X4Y64          FDRE                                         r  driver/vcount_reg[9]/D
  -------------------------------------------------------------------    -------------------

Slack:                    inf
  Source:                 y_coord_reg[0]/C
                            (rising edge-triggered cell FDRE)
  Destination:            y_coord_reg[0]/D
  Path Group:             (none)
  Path Type:              Min at Fast Process Corner
  Data Path Delay:        0.379ns  (logic 0.186ns (49.124%)  route 0.193ns (50.876%))
  Logic Levels:           2  (FDRE=1 LUT1=1)

    Location             Delay type                Incr(ns)  Path(ns)    Netlist Resource(s)
  -------------------------------------------------------------------    -------------------
    SLICE_X3Y63          FDRE                         0.000     0.000 r  y_coord_reg[0]/C
    SLICE_X3Y63          FDRE (Prop_fdre_C_Q)         0.141     0.141 f  y_coord_reg[0]/Q
                         net (fo=7, routed)           0.193     0.334    y_coord_reg[0]
    SLICE_X3Y63          LUT1 (Prop_lut1_I0_O)        0.045     0.379 r  y_coord[0]_i_1/O
                         net (fo=1, routed)           0.000     0.379    y_coord[0]_i_1_n_0
    SLICE_X3Y63          FDRE                                         r  y_coord_reg[0]/D
  -------------------------------------------------------------------    -------------------

Slack:                    inf
  Source:                 y_coord_reg[1]/C
                            (rising edge-triggered cell FDRE)
  Destination:            change_y_direction_reg/D
  Path Group:             (none)
  Path Type:              Min at Fast Process Corner
  Data Path Delay:        0.380ns  (logic 0.186ns (48.995%)  route 0.194ns (51.005%))
  Logic Levels:           2  (FDRE=1 LUT6=1)

    Location             Delay type                Incr(ns)  Path(ns)    Netlist Resource(s)
  -------------------------------------------------------------------    -------------------
    SLICE_X4Y65          FDRE                         0.000     0.000 r  y_coord_reg[1]/C
    SLICE_X4Y65          FDRE (Prop_fdre_C_Q)         0.141     0.141 r  y_coord_reg[1]/Q
                         net (fo=11, routed)          0.194     0.335    driver/change_y_direction_reg[1]
    SLICE_X6Y64          LUT6 (Prop_lut6_I3_O)        0.045     0.380 r  driver/change_y_direction_i_1/O
                         net (fo=1, routed)           0.000     0.380    driver_n_0
    SLICE_X6Y64          FDRE                                         r  change_y_direction_reg/D
  -------------------------------------------------------------------    -------------------





