Copyright 1986-2022 Xilinx, Inc. All Rights Reserved. Copyright 2022-2025 Advanced Micro Devices, Inc. All Rights Reserved.
---------------------------------------------------------------------------------------------------------------------------------------------------------------------------------------------------------------------------------------------------
| Tool Version : Vivado v.2025.1 (win64) Build 6140274 Thu May 22 00:12:29 MDT 2025
| Date         : Wed May 20 20:33:41 2026
| Host         : TREVOREVER7 running 64-bit major release  (build 9200)
| Command      : report_timing_summary -max_paths 10 -routable_nets -report_unconstrained -file vga_test_file_timing_summary_routed.rpt -pb vga_test_file_timing_summary_routed.pb -rpx vga_test_file_timing_summary_routed.rpx -warn_on_violation
| Design       : vga_test_file
| Device       : 7a35t-cpg236
| Speed File   : -1  PRODUCTION 1.23 2018-06-13
| Design State : Routed
---------------------------------------------------------------------------------------------------------------------------------------------------------------------------------------------------------------------------------------------------

Timing Summary Report

------------------------------------------------------------------------------------------------
| Timer Settings
| --------------
------------------------------------------------------------------------------------------------

  Enable Multi Corner Analysis               :  Yes
  Enable Pessimism Removal                   :  Yes
  Pessimism Removal Resolution               :  Nearest Common Node
  Enable Input Delay Default Clock           :  No
  Enable Preset / Clear Arcs                 :  No
  Disable Flight Delays                      :  No
  Ignore I/O Paths                           :  No
  Timing Early Launch at Borrowing Latches   :  No
  Borrow Time for Max Delay Exceptions       :  Yes
  Merge Timing Exceptions                    :  Yes
  Inter-SLR Compensation                     :  Conservative

  Corner  Analyze    Analyze    
  Name    Max Paths  Min Paths  
  ------  ---------  ---------  
  Slow    Yes        Yes        
  Fast    Yes        Yes        


------------------------------------------------------------------------------------------------
| Report Methodology
| ------------------
------------------------------------------------------------------------------------------------

Rule       Severity          Description                  Violations  
---------  ----------------  ---------------------------  ----------  
TIMING-17  Critical Warning  Non-clocked sequential cell  20          

Note: This report is based on the most recent report_methodology run and may not be up-to-date. Run report_methodology on the current design for the latest report.



check_timing report

Table of Contents
-----------------
1. checking no_clock (20)
2. checking constant_clock (0)
3. checking pulse_width_clock (0)
4. checking unconstrained_internal_endpoints (48)
5. checking no_input_delay (0)
6. checking no_output_delay (6)
7. checking multiple_clock (0)
8. checking generated_clocks (0)
9. checking loops (0)
10. checking partial_input_delay (0)
11. checking partial_output_delay (0)
12. checking latch_loops (0)

1. checking no_clock (20)
-------------------------
 There are 20 register/latch pins with no clock driven by root clock pin: pixel_clk_signal/counter_reg[1]/Q (HIGH)


2. checking constant_clock (0)
------------------------------
 There are 0 register/latch pins with constant_clock.


3. checking pulse_width_clock (0)
---------------------------------
 There are 0 register/latch pins which need pulse_width check


4. checking unconstrained_internal_endpoints (48)
-------------------------------------------------
 There are 48 pins that are not constrained for maximum delay. (HIGH)

 There are 0 pins that are not constrained for maximum delay due to constant clock.


5. checking no_input_delay (0)
------------------------------
 There are 0 input ports with no input delay specified.

 There are 0 input ports with no input delay but user has a false path constraint.


6. checking no_output_delay (6)
-------------------------------
 There are 6 ports with no output delay specified. (HIGH)

 There are 0 ports with no output delay but user has a false path constraint

 There are 0 ports with no output delay but with a timing clock defined on it or propagating through it


7. checking multiple_clock (0)
------------------------------
 There are 0 register/latch pins with multiple clocks.


8. checking generated_clocks (0)
--------------------------------
 There are 0 generated clocks that are not connected to a clock source.


9. checking loops (0)
---------------------
 There are 0 combinational loops in the design.


10. checking partial_input_delay (0)
------------------------------------
 There are 0 input ports with partial input delay specified.


11. checking partial_output_delay (0)
-------------------------------------
 There are 0 ports with partial output delay specified.


12. checking latch_loops (0)
----------------------------
 There are 0 combinational latch loops in the design through latch input



------------------------------------------------------------------------------------------------
| Design Timing Summary
| ---------------------
------------------------------------------------------------------------------------------------

    WNS(ns)      TNS(ns)  TNS Failing Endpoints  TNS Total Endpoints      WHS(ns)      THS(ns)  THS Failing Endpoints  THS Total Endpoints     WPWS(ns)     TPWS(ns)  TPWS Failing Endpoints  TPWS Total Endpoints  
    -------      -------  ---------------------  -------------------      -------      -------  ---------------------  -------------------     --------     --------  ----------------------  --------------------  
      7.643        0.000                      0                    2        0.353        0.000                      0                    2        4.500        0.000                       0                     3  


All user specified timing constraints are met.


------------------------------------------------------------------------------------------------
| Clock Summary
| -------------
------------------------------------------------------------------------------------------------

Clock        Waveform(ns)       Period(ns)      Frequency(MHz)
-----        ------------       ----------      --------------
sys_clk_pin  {0.000 5.000}      10.000          100.000         


------------------------------------------------------------------------------------------------
| Intra Clock Table
| -----------------
------------------------------------------------------------------------------------------------

Clock             WNS(ns)      TNS(ns)  TNS Failing Endpoints  TNS Total Endpoints      WHS(ns)      THS(ns)  THS Failing Endpoints  THS Total Endpoints     WPWS(ns)     TPWS(ns)  TPWS Failing Endpoints  TPWS Total Endpoints  
-----             -------      -------  ---------------------  -------------------      -------      -------  ---------------------  -------------------     --------     --------  ----------------------  --------------------  
sys_clk_pin         7.643        0.000                      0                    2        0.353        0.000                      0                    2        4.500        0.000                       0                     3  


------------------------------------------------------------------------------------------------
| Inter Clock Table
| -----------------
------------------------------------------------------------------------------------------------

From Clock    To Clock          WNS(ns)      TNS(ns)  TNS Failing Endpoints  TNS Total Endpoints      WHS(ns)      THS(ns)  THS Failing Endpoints  THS Total Endpoints  
----------    --------          -------      -------  ---------------------  -------------------      -------      -------  ---------------------  -------------------  


------------------------------------------------------------------------------------------------
| Other Path Groups Table
| -----------------------
------------------------------------------------------------------------------------------------

Path Group    From Clock    To Clock          WNS(ns)      TNS(ns)  TNS Failing Endpoints  TNS Total Endpoints      WHS(ns)      THS(ns)  THS Failing Endpoints  THS Total Endpoints  
----------    ----------    --------          -------      -------  ---------------------  -------------------      -------      -------  ---------------------  -------------------  


------------------------------------------------------------------------------------------------
| User Ignored Path Table
| -----------------------
------------------------------------------------------------------------------------------------

Path Group    From Clock    To Clock    
----------    ----------    --------    


------------------------------------------------------------------------------------------------
| Unconstrained Path Table
| ------------------------
------------------------------------------------------------------------------------------------

Path Group    From Clock    To Clock    
----------    ----------    --------    
(none)                                    


------------------------------------------------------------------------------------------------
| Timing Details
| --------------
------------------------------------------------------------------------------------------------


---------------------------------------------------------------------------------------------------
From Clock:  sys_clk_pin
  To Clock:  sys_clk_pin

Setup :            0  Failing Endpoints,  Worst Slack        7.643ns,  Total Violation        0.000ns
Hold  :            0  Failing Endpoints,  Worst Slack        0.353ns,  Total Violation        0.000ns
PW    :            0  Failing Endpoints,  Worst Slack        4.500ns,  Total Violation        0.000ns
---------------------------------------------------------------------------------------------------


Max Delay Paths
--------------------------------------------------------------------------------------
Slack (MET) :             7.643ns  (required time - arrival time)
  Source:                 pixel_clk_signal/counter_reg[1]/C
                            (rising edge-triggered cell FDRE clocked by sys_clk_pin  {rise@0.000ns fall@5.000ns period=10.000ns})
  Destination:            pixel_clk_signal/counter_reg[1]/D
                            (rising edge-triggered cell FDRE clocked by sys_clk_pin  {rise@0.000ns fall@5.000ns period=10.000ns})
  Path Group:             sys_clk_pin
  Path Type:              Setup (Max at Slow Process Corner)
  Requirement:            10.000ns  (sys_clk_pin rise@10.000ns - sys_clk_pin rise@0.000ns)
  Data Path Delay:        2.397ns  (logic 0.744ns (31.044%)  route 1.653ns (68.956%))
  Logic Levels:           1  (LUT2=1)
  Clock Path Skew:        0.000ns (DCD - SCD + CPR)
    Destination Clock Delay (DCD):    4.850ns = ( 14.850 - 10.000 ) 
    Source Clock Delay      (SCD):    5.148ns
    Clock Pessimism Removal (CPR):    0.298ns
  Clock Uncertainty:      0.035ns  ((TSJ^2 + TIJ^2)^1/2 + DJ) / 2 + PE
    Total System Jitter     (TSJ):    0.071ns
    Total Input Jitter      (TIJ):    0.000ns
    Discrete Jitter          (DJ):    0.000ns
    Phase Error              (PE):    0.000ns

    Location             Delay type                Incr(ns)  Path(ns)    Netlist Resource(s)
  -------------------------------------------------------------------    -------------------
                         (clock sys_clk_pin rise edge)
                                                      0.000     0.000 r  
    W5                                                0.000     0.000 r  clk (IN)
                         net (fo=0)                   0.000     0.000    clk
    W5                   IBUF (Prop_ibuf_I_O)         1.458     1.458 r  clk_IBUF_inst/O
                         net (fo=1, routed)           1.967     3.425    clk_IBUF
    BUFGCTRL_X0Y0        BUFG (Prop_bufg_I_O)         0.096     3.521 r  clk_IBUF_BUFG_inst/O
                         net (fo=2, routed)           1.627     5.148    pixel_clk_signal/CLK
    SLICE_X1Y31          FDRE                                         r  pixel_clk_signal/counter_reg[1]/C
  -------------------------------------------------------------------    -------------------
    SLICE_X1Y31          FDRE (Prop_fdre_C_Q)         0.419     5.567 r  pixel_clk_signal/counter_reg[1]/Q
                         net (fo=21, routed)          1.653     7.220    pixel_clk_signal/Q[0]
    SLICE_X1Y31          LUT2 (Prop_lut2_I1_O)        0.325     7.545 r  pixel_clk_signal/counter[1]_i_1/O
                         net (fo=1, routed)           0.000     7.545    pixel_clk_signal/p_0_in[1]
    SLICE_X1Y31          FDRE                                         r  pixel_clk_signal/counter_reg[1]/D
  -------------------------------------------------------------------    -------------------

                         (clock sys_clk_pin rise edge)
                                                     10.000    10.000 r  
    W5                                                0.000    10.000 r  clk (IN)
                         net (fo=0)                   0.000    10.000    clk
    W5                   IBUF (Prop_ibuf_I_O)         1.388    11.388 r  clk_IBUF_inst/O
                         net (fo=1, routed)           1.862    13.250    clk_IBUF
    BUFGCTRL_X0Y0        BUFG (Prop_bufg_I_O)         0.091    13.341 r  clk_IBUF_BUFG_inst/O
                         net (fo=2, routed)           1.509    14.850    pixel_clk_signal/CLK
    SLICE_X1Y31          FDRE                                         r  pixel_clk_signal/counter_reg[1]/C
                         clock pessimism              0.298    15.148    
                         clock uncertainty           -0.035    15.113    
    SLICE_X1Y31          FDRE (Setup_fdre_C_D)        0.075    15.188    pixel_clk_signal/counter_reg[1]
  -------------------------------------------------------------------
                         required time                         15.188    
                         arrival time                          -7.545    
  -------------------------------------------------------------------
                         slack                                  7.643    

Slack (MET) :             8.607ns  (required time - arrival time)
  Source:                 pixel_clk_signal/counter_reg[0]/C
                            (rising edge-triggered cell FDRE clocked by sys_clk_pin  {rise@0.000ns fall@5.000ns period=10.000ns})
  Destination:            pixel_clk_signal/counter_reg[0]/D
                            (rising edge-triggered cell FDRE clocked by sys_clk_pin  {rise@0.000ns fall@5.000ns period=10.000ns})
  Path Group:             sys_clk_pin
  Path Type:              Setup (Max at Slow Process Corner)
  Requirement:            10.000ns  (sys_clk_pin rise@10.000ns - sys_clk_pin rise@0.000ns)
  Data Path Delay:        1.386ns  (logic 0.580ns (41.842%)  route 0.806ns (58.158%))
  Logic Levels:           1  (LUT1=1)
  Clock Path Skew:        0.000ns (DCD - SCD + CPR)
    Destination Clock Delay (DCD):    4.850ns = ( 14.850 - 10.000 ) 
    Source Clock Delay      (SCD):    5.148ns
    Clock Pessimism Removal (CPR):    0.298ns
  Clock Uncertainty:      0.035ns  ((TSJ^2 + TIJ^2)^1/2 + DJ) / 2 + PE
    Total System Jitter     (TSJ):    0.071ns
    Total Input Jitter      (TIJ):    0.000ns
    Discrete Jitter          (DJ):    0.000ns
    Phase Error              (PE):    0.000ns

    Location             Delay type                Incr(ns)  Path(ns)    Netlist Resource(s)
  -------------------------------------------------------------------    -------------------
                         (clock sys_clk_pin rise edge)
                                                      0.000     0.000 r  
    W5                                                0.000     0.000 r  clk (IN)
                         net (fo=0)                   0.000     0.000    clk
    W5                   IBUF (Prop_ibuf_I_O)         1.458     1.458 r  clk_IBUF_inst/O
                         net (fo=1, routed)           1.967     3.425    clk_IBUF
    BUFGCTRL_X0Y0        BUFG (Prop_bufg_I_O)         0.096     3.521 r  clk_IBUF_BUFG_inst/O
                         net (fo=2, routed)           1.627     5.148    pixel_clk_signal/CLK
    SLICE_X1Y31          FDRE                                         r  pixel_clk_signal/counter_reg[0]/C
  -------------------------------------------------------------------    -------------------
    SLICE_X1Y31          FDRE (Prop_fdre_C_Q)         0.456     5.604 f  pixel_clk_signal/counter_reg[0]/Q
                         net (fo=2, routed)           0.806     6.410    pixel_clk_signal/counter[0]
    SLICE_X1Y31          LUT1 (Prop_lut1_I0_O)        0.124     6.534 r  pixel_clk_signal/counter[0]_i_1/O
                         net (fo=1, routed)           0.000     6.534    pixel_clk_signal/p_0_in[0]
    SLICE_X1Y31          FDRE                                         r  pixel_clk_signal/counter_reg[0]/D
  -------------------------------------------------------------------    -------------------

                         (clock sys_clk_pin rise edge)
                                                     10.000    10.000 r  
    W5                                                0.000    10.000 r  clk (IN)
                         net (fo=0)                   0.000    10.000    clk
    W5                   IBUF (Prop_ibuf_I_O)         1.388    11.388 r  clk_IBUF_inst/O
                         net (fo=1, routed)           1.862    13.250    clk_IBUF
    BUFGCTRL_X0Y0        BUFG (Prop_bufg_I_O)         0.091    13.341 r  clk_IBUF_BUFG_inst/O
                         net (fo=2, routed)           1.509    14.850    pixel_clk_signal/CLK
    SLICE_X1Y31          FDRE                                         r  pixel_clk_signal/counter_reg[0]/C
                         clock pessimism              0.298    15.148    
                         clock uncertainty           -0.035    15.113    
    SLICE_X1Y31          FDRE (Setup_fdre_C_D)        0.029    15.142    pixel_clk_signal/counter_reg[0]
  -------------------------------------------------------------------
                         required time                         15.142    
                         arrival time                          -6.534    
  -------------------------------------------------------------------
                         slack                                  8.607    





Min Delay Paths
--------------------------------------------------------------------------------------
Slack (MET) :             0.353ns  (arrival time - required time)
  Source:                 pixel_clk_signal/counter_reg[0]/C
                            (rising edge-triggered cell FDRE clocked by sys_clk_pin  {rise@0.000ns fall@5.000ns period=10.000ns})
  Destination:            pixel_clk_signal/counter_reg[1]/D
                            (rising edge-triggered cell FDRE clocked by sys_clk_pin  {rise@0.000ns fall@5.000ns period=10.000ns})
  Path Group:             sys_clk_pin
  Path Type:              Hold (Min at Fast Process Corner)
  Requirement:            0.000ns  (sys_clk_pin rise@0.000ns - sys_clk_pin rise@0.000ns)
  Data Path Delay:        0.460ns  (logic 0.185ns (40.202%)  route 0.275ns (59.798%))
  Logic Levels:           1  (LUT2=1)
  Clock Path Skew:        0.000ns (DCD - SCD - CPR)
    Destination Clock Delay (DCD):    1.984ns
    Source Clock Delay      (SCD):    1.471ns
    Clock Pessimism Removal (CPR):    0.513ns

    Location             Delay type                Incr(ns)  Path(ns)    Netlist Resource(s)
  -------------------------------------------------------------------    -------------------
                         (clock sys_clk_pin rise edge)
                                                      0.000     0.000 r  
    W5                                                0.000     0.000 r  clk (IN)
                         net (fo=0)                   0.000     0.000    clk
    W5                   IBUF (Prop_ibuf_I_O)         0.226     0.226 r  clk_IBUF_inst/O
                         net (fo=1, routed)           0.631     0.858    clk_IBUF
    BUFGCTRL_X0Y0        BUFG (Prop_bufg_I_O)         0.026     0.884 r  clk_IBUF_BUFG_inst/O
                         net (fo=2, routed)           0.588     1.471    pixel_clk_signal/CLK
    SLICE_X1Y31          FDRE                                         r  pixel_clk_signal/counter_reg[0]/C
  -------------------------------------------------------------------    -------------------
    SLICE_X1Y31          FDRE (Prop_fdre_C_Q)         0.141     1.612 r  pixel_clk_signal/counter_reg[0]/Q
                         net (fo=2, routed)           0.275     1.887    pixel_clk_signal/counter[0]
    SLICE_X1Y31          LUT2 (Prop_lut2_I0_O)        0.044     1.931 r  pixel_clk_signal/counter[1]_i_1/O
                         net (fo=1, routed)           0.000     1.931    pixel_clk_signal/p_0_in[1]
    SLICE_X1Y31          FDRE                                         r  pixel_clk_signal/counter_reg[1]/D
  -------------------------------------------------------------------    -------------------

                         (clock sys_clk_pin rise edge)
                                                      0.000     0.000 r  
    W5                                                0.000     0.000 r  clk (IN)
                         net (fo=0)                   0.000     0.000    clk
    W5                   IBUF (Prop_ibuf_I_O)         0.414     0.414 r  clk_IBUF_inst/O
                         net (fo=1, routed)           0.685     1.099    clk_IBUF
    BUFGCTRL_X0Y0        BUFG (Prop_bufg_I_O)         0.029     1.128 r  clk_IBUF_BUFG_inst/O
                         net (fo=2, routed)           0.857     1.984    pixel_clk_signal/CLK
    SLICE_X1Y31          FDRE                                         r  pixel_clk_signal/counter_reg[1]/C
                         clock pessimism             -0.513     1.471    
    SLICE_X1Y31          FDRE (Hold_fdre_C_D)         0.107     1.578    pixel_clk_signal/counter_reg[1]
  -------------------------------------------------------------------
                         required time                         -1.578    
                         arrival time                           1.931    
  -------------------------------------------------------------------
                         slack                                  0.353    

Slack (MET) :             0.370ns  (arrival time - required time)
  Source:                 pixel_clk_signal/counter_reg[0]/C
                            (rising edge-triggered cell FDRE clocked by sys_clk_pin  {rise@0.000ns fall@5.000ns period=10.000ns})
  Destination:            pixel_clk_signal/counter_reg[0]/D
                            (rising edge-triggered cell FDRE clocked by sys_clk_pin  {rise@0.000ns fall@5.000ns period=10.000ns})
  Path Group:             sys_clk_pin
  Path Type:              Hold (Min at Fast Process Corner)
  Requirement:            0.000ns  (sys_clk_pin rise@0.000ns - sys_clk_pin rise@0.000ns)
  Data Path Delay:        0.461ns  (logic 0.186ns (40.332%)  route 0.275ns (59.668%))
  Logic Levels:           1  (LUT1=1)
  Clock Path Skew:        0.000ns (DCD - SCD - CPR)
    Destination Clock Delay (DCD):    1.984ns
    Source Clock Delay      (SCD):    1.471ns
    Clock Pessimism Removal (CPR):    0.513ns

    Location             Delay type                Incr(ns)  Path(ns)    Netlist Resource(s)
  -------------------------------------------------------------------    -------------------
                         (clock sys_clk_pin rise edge)
                                                      0.000     0.000 r  
    W5                                                0.000     0.000 r  clk (IN)
                         net (fo=0)                   0.000     0.000    clk
    W5                   IBUF (Prop_ibuf_I_O)         0.226     0.226 r  clk_IBUF_inst/O
                         net (fo=1, routed)           0.631     0.858    clk_IBUF
    BUFGCTRL_X0Y0        BUFG (Prop_bufg_I_O)         0.026     0.884 r  clk_IBUF_BUFG_inst/O
                         net (fo=2, routed)           0.588     1.471    pixel_clk_signal/CLK
    SLICE_X1Y31          FDRE                                         r  pixel_clk_signal/counter_reg[0]/C
  -------------------------------------------------------------------    -------------------
    SLICE_X1Y31          FDRE (Prop_fdre_C_Q)         0.141     1.612 f  pixel_clk_signal/counter_reg[0]/Q
                         net (fo=2, routed)           0.275     1.887    pixel_clk_signal/counter[0]
    SLICE_X1Y31          LUT1 (Prop_lut1_I0_O)        0.045     1.932 r  pixel_clk_signal/counter[0]_i_1/O
                         net (fo=1, routed)           0.000     1.932    pixel_clk_signal/p_0_in[0]
    SLICE_X1Y31          FDRE                                         r  pixel_clk_signal/counter_reg[0]/D
  -------------------------------------------------------------------    -------------------

                         (clock sys_clk_pin rise edge)
                                                      0.000     0.000 r  
    W5                                                0.000     0.000 r  clk (IN)
                         net (fo=0)                   0.000     0.000    clk
    W5                   IBUF (Prop_ibuf_I_O)         0.414     0.414 r  clk_IBUF_inst/O
                         net (fo=1, routed)           0.685     1.099    clk_IBUF
    BUFGCTRL_X0Y0        BUFG (Prop_bufg_I_O)         0.029     1.128 r  clk_IBUF_BUFG_inst/O
                         net (fo=2, routed)           0.857     1.984    pixel_clk_signal/CLK
    SLICE_X1Y31          FDRE                                         r  pixel_clk_signal/counter_reg[0]/C
                         clock pessimism             -0.513     1.471    
    SLICE_X1Y31          FDRE (Hold_fdre_C_D)         0.091     1.562    pixel_clk_signal/counter_reg[0]
  -------------------------------------------------------------------
                         required time                         -1.562    
                         arrival time                           1.932    
  -------------------------------------------------------------------
                         slack                                  0.370    





Pulse Width Checks
--------------------------------------------------------------------------------------
Clock Name:         sys_clk_pin
Waveform(ns):       { 0.000 5.000 }
Period(ns):         10.000
Sources:            { clk }

Check Type        Corner  Lib Pin  Reference Pin  Required(ns)  Actual(ns)  Slack(ns)  Location       Pin
Min Period        n/a     BUFG/I   n/a            2.155         10.000      7.845      BUFGCTRL_X0Y0  clk_IBUF_BUFG_inst/I
Min Period        n/a     FDRE/C   n/a            1.000         10.000      9.000      SLICE_X1Y31    pixel_clk_signal/counter_reg[0]/C
Min Period        n/a     FDRE/C   n/a            1.000         10.000      9.000      SLICE_X1Y31    pixel_clk_signal/counter_reg[1]/C
Low Pulse Width   Slow    FDRE/C   n/a            0.500         5.000       4.500      SLICE_X1Y31    pixel_clk_signal/counter_reg[0]/C
Low Pulse Width   Fast    FDRE/C   n/a            0.500         5.000       4.500      SLICE_X1Y31    pixel_clk_signal/counter_reg[0]/C
Low Pulse Width   Slow    FDRE/C   n/a            0.500         5.000       4.500      SLICE_X1Y31    pixel_clk_signal/counter_reg[1]/C
Low Pulse Width   Fast    FDRE/C   n/a            0.500         5.000       4.500      SLICE_X1Y31    pixel_clk_signal/counter_reg[1]/C
High Pulse Width  Slow    FDRE/C   n/a            0.500         5.000       4.500      SLICE_X1Y31    pixel_clk_signal/counter_reg[0]/C
High Pulse Width  Fast    FDRE/C   n/a            0.500         5.000       4.500      SLICE_X1Y31    pixel_clk_signal/counter_reg[0]/C
High Pulse Width  Slow    FDRE/C   n/a            0.500         5.000       4.500      SLICE_X1Y31    pixel_clk_signal/counter_reg[1]/C
High Pulse Width  Fast    FDRE/C   n/a            0.500         5.000       4.500      SLICE_X1Y31    pixel_clk_signal/counter_reg[1]/C



--------------------------------------------------------------------------------------
Path Group:  (none)
From Clock:  
  To Clock:  

Max Delay            54 Endpoints
Min Delay            54 Endpoints
--------------------------------------------------------------------------------------


Max Delay Paths
--------------------------------------------------------------------------------------
Slack:                    inf
  Source:                 driver/vcount_reg[8]/C
                            (rising edge-triggered cell FDRE)
  Destination:            vgaRed[1]
                            (output port)
  Path Group:             (none)
  Path Type:              Max at Slow Process Corner
  Data Path Delay:        8.686ns  (logic 4.769ns (54.910%)  route 3.916ns (45.090%))
  Logic Levels:           4  (FDRE=1 LUT4=1 LUT5=1 OBUF=1)

    Location             Delay type                Incr(ns)  Path(ns)    Netlist Resource(s)
  -------------------------------------------------------------------    -------------------
    SLICE_X0Y29          FDRE                         0.000     0.000 r  driver/vcount_reg[8]/C
    SLICE_X0Y29          FDRE (Prop_fdre_C_Q)         0.594     0.594 f  driver/vcount_reg[8]/Q
                         net (fo=4, routed)           0.847     1.441    driver/vcount_reg_n_0_[8]
    SLICE_X0Y29          LUT4 (Prop_lut4_I3_O)        0.329     1.770 r  driver/Vsync_OBUF_inst_i_2/O
                         net (fo=2, routed)           0.988     2.757    driver/Vsync_OBUF_inst_i_2_n_0
    SLICE_X2Y31          LUT5 (Prop_lut5_I4_O)        0.327     3.084 r  driver/vgaRed_OBUF[3]_inst_i_1/O
                         net (fo=4, routed)           2.082     5.166    vgaRed_OBUF[0]
    H19                  OBUF (Prop_obuf_I_O)         3.519     8.686 r  vgaRed_OBUF[1]_inst/O
                         net (fo=0)                   0.000     8.686    vgaRed[1]
    H19                                                               r  vgaRed[1] (OUT)
  -------------------------------------------------------------------    -------------------

Slack:                    inf
  Source:                 driver/vcount_reg[8]/C
                            (rising edge-triggered cell FDRE)
  Destination:            vgaRed[0]
                            (output port)
  Path Group:             (none)
  Path Type:              Max at Slow Process Corner
  Data Path Delay:        8.551ns  (logic 4.774ns (55.826%)  route 3.777ns (44.174%))
  Logic Levels:           4  (FDRE=1 LUT4=1 LUT5=1 OBUF=1)

    Location             Delay type                Incr(ns)  Path(ns)    Netlist Resource(s)
  -------------------------------------------------------------------    -------------------
    SLICE_X0Y29          FDRE                         0.000     0.000 r  driver/vcount_reg[8]/C
    SLICE_X0Y29          FDRE (Prop_fdre_C_Q)         0.594     0.594 f  driver/vcount_reg[8]/Q
                         net (fo=4, routed)           0.847     1.441    driver/vcount_reg_n_0_[8]
    SLICE_X0Y29          LUT4 (Prop_lut4_I3_O)        0.329     1.770 r  driver/Vsync_OBUF_inst_i_2/O
                         net (fo=2, routed)           0.988     2.757    driver/Vsync_OBUF_inst_i_2_n_0
    SLICE_X2Y31          LUT5 (Prop_lut5_I4_O)        0.327     3.084 r  driver/vgaRed_OBUF[3]_inst_i_1/O
                         net (fo=4, routed)           1.943     5.027    vgaRed_OBUF[0]
    G19                  OBUF (Prop_obuf_I_O)         3.524     8.551 r  vgaRed_OBUF[0]_inst/O
                         net (fo=0)                   0.000     8.551    vgaRed[0]
    G19                                                               r  vgaRed[0] (OUT)
  -------------------------------------------------------------------    -------------------

Slack:                    inf
  Source:                 driver/vcount_reg[8]/C
                            (rising edge-triggered cell FDRE)
  Destination:            vgaRed[2]
                            (output port)
  Path Group:             (none)
  Path Type:              Max at Slow Process Corner
  Data Path Delay:        8.499ns  (logic 4.774ns (56.172%)  route 3.725ns (43.828%))
  Logic Levels:           4  (FDRE=1 LUT4=1 LUT5=1 OBUF=1)

    Location             Delay type                Incr(ns)  Path(ns)    Netlist Resource(s)
  -------------------------------------------------------------------    -------------------
    SLICE_X0Y29          FDRE                         0.000     0.000 r  driver/vcount_reg[8]/C
    SLICE_X0Y29          FDRE (Prop_fdre_C_Q)         0.594     0.594 f  driver/vcount_reg[8]/Q
                         net (fo=4, routed)           0.847     1.441    driver/vcount_reg_n_0_[8]
    SLICE_X0Y29          LUT4 (Prop_lut4_I3_O)        0.329     1.770 r  driver/Vsync_OBUF_inst_i_2/O
                         net (fo=2, routed)           0.988     2.757    driver/Vsync_OBUF_inst_i_2_n_0
    SLICE_X2Y31          LUT5 (Prop_lut5_I4_O)        0.327     3.084 r  driver/vgaRed_OBUF[3]_inst_i_1/O
                         net (fo=4, routed)           1.890     4.975    vgaRed_OBUF[0]
    J19                  OBUF (Prop_obuf_I_O)         3.524     8.499 r  vgaRed_OBUF[2]_inst/O
                         net (fo=0)                   0.000     8.499    vgaRed[2]
    J19                                                               r  vgaRed[2] (OUT)
  -------------------------------------------------------------------    -------------------

Slack:                    inf
  Source:                 driver/vcount_reg[8]/C
                            (rising edge-triggered cell FDRE)
  Destination:            vgaRed[3]
                            (output port)
  Path Group:             (none)
  Path Type:              Max at Slow Process Corner
  Data Path Delay:        8.402ns  (logic 4.752ns (56.562%)  route 3.650ns (43.438%))
  Logic Levels:           4  (FDRE=1 LUT4=1 LUT5=1 OBUF=1)

    Location             Delay type                Incr(ns)  Path(ns)    Netlist Resource(s)
  -------------------------------------------------------------------    -------------------
    SLICE_X0Y29          FDRE                         0.000     0.000 r  driver/vcount_reg[8]/C
    SLICE_X0Y29          FDRE (Prop_fdre_C_Q)         0.594     0.594 f  driver/vcount_reg[8]/Q
                         net (fo=4, routed)           0.847     1.441    driver/vcount_reg_n_0_[8]
    SLICE_X0Y29          LUT4 (Prop_lut4_I3_O)        0.329     1.770 r  driver/Vsync_OBUF_inst_i_2/O
                         net (fo=2, routed)           0.988     2.757    driver/Vsync_OBUF_inst_i_2_n_0
    SLICE_X2Y31          LUT5 (Prop_lut5_I4_O)        0.327     3.084 r  driver/vgaRed_OBUF[3]_inst_i_1/O
                         net (fo=4, routed)           1.815     4.900    vgaRed_OBUF[0]
    N19                  OBUF (Prop_obuf_I_O)         3.502     8.402 r  vgaRed_OBUF[3]_inst/O
                         net (fo=0)                   0.000     8.402    vgaRed[3]
    N19                                                               r  vgaRed[3] (OUT)
  -------------------------------------------------------------------    -------------------

Slack:                    inf
  Source:                 driver/vcount_reg[8]/C
                            (rising edge-triggered cell FDRE)
  Destination:            Vsync
                            (output port)
  Path Group:             (none)
  Path Type:              Max at Slow Process Corner
  Data Path Delay:        8.052ns  (logic 4.753ns (59.035%)  route 3.298ns (40.965%))
  Logic Levels:           4  (FDRE=1 LUT4=1 LUT6=1 OBUF=1)

    Location             Delay type                Incr(ns)  Path(ns)    Netlist Resource(s)
  -------------------------------------------------------------------    -------------------
    SLICE_X0Y29          FDRE                         0.000     0.000 r  driver/vcount_reg[8]/C
    SLICE_X0Y29          FDRE (Prop_fdre_C_Q)         0.594     0.594 f  driver/vcount_reg[8]/Q
                         net (fo=4, routed)           0.847     1.441    driver/vcount_reg_n_0_[8]
    SLICE_X0Y29          LUT4 (Prop_lut4_I3_O)        0.329     1.770 r  driver/Vsync_OBUF_inst_i_2/O
                         net (fo=2, routed)           0.782     2.552    driver/Vsync_OBUF_inst_i_2_n_0
    SLICE_X0Y30          LUT6 (Prop_lut6_I5_O)        0.327     2.879 r  driver/Vsync_OBUF_inst_i_1/O
                         net (fo=1, routed)           1.669     4.548    Vsync_OBUF
    R19                  OBUF (Prop_obuf_I_O)         3.503     8.052 r  Vsync_OBUF_inst/O
                         net (fo=0)                   0.000     8.052    Vsync
    R19                                                               r  Vsync (OUT)
  -------------------------------------------------------------------    -------------------

Slack:                    inf
  Source:                 driver/hcount_reg[8]/C
                            (rising edge-triggered cell FDRE)
  Destination:            Hsync
                            (output port)
  Path Group:             (none)
  Path Type:              Max at Slow Process Corner
  Data Path Delay:        6.997ns  (logic 4.390ns (62.731%)  route 2.608ns (37.269%))
  Logic Levels:           3  (FDRE=1 LUT6=1 OBUF=1)

    Location             Delay type                Incr(ns)  Path(ns)    Netlist Resource(s)
  -------------------------------------------------------------------    -------------------
    SLICE_X3Y31          FDRE                         0.000     0.000 r  driver/hcount_reg[8]/C
    SLICE_X3Y31          FDRE (Prop_fdre_C_Q)         0.594     0.594 r  driver/hcount_reg[8]/Q
                         net (fo=6, routed)           0.936     1.530    driver/hcount_reg_n_0_[8]
    SLICE_X2Y31          LUT6 (Prop_lut6_I0_O)        0.299     1.829 r  driver/Hsync_OBUF_inst_i_1/O
                         net (fo=1, routed)           1.672     3.501    Hsync_OBUF
    P19                  OBUF (Prop_obuf_I_O)         3.497     6.997 r  Hsync_OBUF_inst/O
                         net (fo=0)                   0.000     6.997    Hsync
    P19                                                               r  Hsync (OUT)
  -------------------------------------------------------------------    -------------------

Slack:                    inf
  Source:                 driver/hcount_reg[0]/C
                            (rising edge-triggered cell FDRE)
  Destination:            driver/hcount_reg[6]/R
  Path Group:             (none)
  Path Type:              Max at Slow Process Corner
  Data Path Delay:        3.438ns  (logic 0.941ns (27.370%)  route 2.497ns (72.630%))
  Logic Levels:           3  (FDRE=1 LUT5=1 LUT6=1)

    Location             Delay type                Incr(ns)  Path(ns)    Netlist Resource(s)
  -------------------------------------------------------------------    -------------------
    SLICE_X2Y30          FDRE                         0.000     0.000 r  driver/hcount_reg[0]/C
    SLICE_X2Y30          FDRE (Prop_fdre_C_Q)         0.693     0.693 r  driver/hcount_reg[0]/Q
                         net (fo=7, routed)           0.841     1.534    driver/hcount_reg_n_0_[0]
    SLICE_X2Y30          LUT5 (Prop_lut5_I2_O)        0.124     1.658 r  driver/vcount[9]_i_4/O
                         net (fo=7, routed)           0.837     2.496    driver/vcount[9]_i_4_n_0
    SLICE_X3Y31          LUT6 (Prop_lut6_I5_O)        0.124     2.620 r  driver/vcount[9]_i_2/O
                         net (fo=19, routed)          0.819     3.438    driver/vcount
    SLICE_X2Y31          FDRE                                         r  driver/hcount_reg[6]/R
  -------------------------------------------------------------------    -------------------

Slack:                    inf
  Source:                 driver/hcount_reg[0]/C
                            (rising edge-triggered cell FDRE)
  Destination:            driver/hcount_reg[7]/R
  Path Group:             (none)
  Path Type:              Max at Slow Process Corner
  Data Path Delay:        3.438ns  (logic 0.941ns (27.370%)  route 2.497ns (72.630%))
  Logic Levels:           3  (FDRE=1 LUT5=1 LUT6=1)

    Location             Delay type                Incr(ns)  Path(ns)    Netlist Resource(s)
  -------------------------------------------------------------------    -------------------
    SLICE_X2Y30          FDRE                         0.000     0.000 r  driver/hcount_reg[0]/C
    SLICE_X2Y30          FDRE (Prop_fdre_C_Q)         0.693     0.693 r  driver/hcount_reg[0]/Q
                         net (fo=7, routed)           0.841     1.534    driver/hcount_reg_n_0_[0]
    SLICE_X2Y30          LUT5 (Prop_lut5_I2_O)        0.124     1.658 r  driver/vcount[9]_i_4/O
                         net (fo=7, routed)           0.837     2.496    driver/vcount[9]_i_4_n_0
    SLICE_X3Y31          LUT6 (Prop_lut6_I5_O)        0.124     2.620 r  driver/vcount[9]_i_2/O
                         net (fo=19, routed)          0.819     3.438    driver/vcount
    SLICE_X3Y31          FDRE                                         r  driver/hcount_reg[7]/R
  -------------------------------------------------------------------    -------------------

Slack:                    inf
  Source:                 driver/hcount_reg[0]/C
                            (rising edge-triggered cell FDRE)
  Destination:            driver/hcount_reg[8]/R
  Path Group:             (none)
  Path Type:              Max at Slow Process Corner
  Data Path Delay:        3.438ns  (logic 0.941ns (27.370%)  route 2.497ns (72.630%))
  Logic Levels:           3  (FDRE=1 LUT5=1 LUT6=1)

    Location             Delay type                Incr(ns)  Path(ns)    Netlist Resource(s)
  -------------------------------------------------------------------    -------------------
    SLICE_X2Y30          FDRE                         0.000     0.000 r  driver/hcount_reg[0]/C
    SLICE_X2Y30          FDRE (Prop_fdre_C_Q)         0.693     0.693 r  driver/hcount_reg[0]/Q
                         net (fo=7, routed)           0.841     1.534    driver/hcount_reg_n_0_[0]
    SLICE_X2Y30          LUT5 (Prop_lut5_I2_O)        0.124     1.658 r  driver/vcount[9]_i_4/O
                         net (fo=7, routed)           0.837     2.496    driver/vcount[9]_i_4_n_0
    SLICE_X3Y31          LUT6 (Prop_lut6_I5_O)        0.124     2.620 r  driver/vcount[9]_i_2/O
                         net (fo=19, routed)          0.819     3.438    driver/vcount
    SLICE_X3Y31          FDRE                                         r  driver/hcount_reg[8]/R
  -------------------------------------------------------------------    -------------------

Slack:                    inf
  Source:                 driver/hcount_reg[0]/C
                            (rising edge-triggered cell FDRE)
  Destination:            driver/hcount_reg[9]/R
  Path Group:             (none)
  Path Type:              Max at Slow Process Corner
  Data Path Delay:        3.438ns  (logic 0.941ns (27.370%)  route 2.497ns (72.630%))
  Logic Levels:           3  (FDRE=1 LUT5=1 LUT6=1)

    Location             Delay type                Incr(ns)  Path(ns)    Netlist Resource(s)
  -------------------------------------------------------------------    -------------------
    SLICE_X2Y30          FDRE                         0.000     0.000 r  driver/hcount_reg[0]/C
    SLICE_X2Y30          FDRE (Prop_fdre_C_Q)         0.693     0.693 r  driver/hcount_reg[0]/Q
                         net (fo=7, routed)           0.841     1.534    driver/hcount_reg_n_0_[0]
    SLICE_X2Y30          LUT5 (Prop_lut5_I2_O)        0.124     1.658 r  driver/vcount[9]_i_4/O
                         net (fo=7, routed)           0.837     2.496    driver/vcount[9]_i_4_n_0
    SLICE_X3Y31          LUT6 (Prop_lut6_I5_O)        0.124     2.620 r  driver/vcount[9]_i_2/O
                         net (fo=19, routed)          0.819     3.438    driver/vcount
    SLICE_X3Y31          FDRE                                         r  driver/hcount_reg[9]/R
  -------------------------------------------------------------------    -------------------





Min Delay Paths
--------------------------------------------------------------------------------------
Slack:                    inf
  Source:                 driver/vcount_reg[8]/C
                            (rising edge-triggered cell FDRE)
  Destination:            driver/vcount_reg[9]/D
  Path Group:             (none)
  Path Type:              Min at Fast Process Corner
  Data Path Delay:        0.358ns  (logic 0.281ns (78.593%)  route 0.077ns (21.407%))
  Logic Levels:           2  (FDRE=1 LUT6=1)

    Location             Delay type                Incr(ns)  Path(ns)    Netlist Resource(s)
  -------------------------------------------------------------------    -------------------
    SLICE_X0Y29          FDRE                         0.000     0.000 r  driver/vcount_reg[8]/C
    SLICE_X0Y29          FDRE (Prop_fdre_C_Q)         0.182     0.182 r  driver/vcount_reg[8]/Q
                         net (fo=4, routed)           0.077     0.259    driver/vcount_reg_n_0_[8]
    SLICE_X0Y29          LUT6 (Prop_lut6_I3_O)        0.099     0.358 r  driver/vcount[9]_i_3/O
                         net (fo=1, routed)           0.000     0.358    driver/data0[9]
    SLICE_X0Y29          FDRE                                         r  driver/vcount_reg[9]/D
  -------------------------------------------------------------------    -------------------

Slack:                    inf
  Source:                 driver/vcount_reg[2]/C
                            (rising edge-triggered cell FDRE)
  Destination:            driver/vcount_reg[4]/D
  Path Group:             (none)
  Path Type:              Min at Fast Process Corner
  Data Path Delay:        0.381ns  (logic 0.240ns (62.945%)  route 0.141ns (37.055%))
  Logic Levels:           2  (FDRE=1 LUT5=1)

    Location             Delay type                Incr(ns)  Path(ns)    Netlist Resource(s)
  -------------------------------------------------------------------    -------------------
    SLICE_X1Y30          FDRE                         0.000     0.000 r  driver/vcount_reg[2]/C
    SLICE_X1Y30          FDRE (Prop_fdre_C_Q)         0.195     0.195 r  driver/vcount_reg[2]/Q
                         net (fo=7, routed)           0.141     0.336    driver/vcount_reg_n_0_[2]
    SLICE_X0Y30          LUT5 (Prop_lut5_I0_O)        0.045     0.381 r  driver/vcount[4]_i_1/O
                         net (fo=1, routed)           0.000     0.381    driver/data0[4]
    SLICE_X0Y30          FDRE                                         r  driver/vcount_reg[4]/D
  -------------------------------------------------------------------    -------------------

Slack:                    inf
  Source:                 driver/vcount_reg[2]/C
                            (rising edge-triggered cell FDRE)
  Destination:            driver/vcount_reg[5]/D
  Path Group:             (none)
  Path Type:              Min at Fast Process Corner
  Data Path Delay:        0.382ns  (logic 0.240ns (62.781%)  route 0.142ns (37.219%))
  Logic Levels:           2  (FDRE=1 LUT6=1)

    Location             Delay type                Incr(ns)  Path(ns)    Netlist Resource(s)
  -------------------------------------------------------------------    -------------------
    SLICE_X1Y30          FDRE                         0.000     0.000 r  driver/vcount_reg[2]/C
    SLICE_X1Y30          FDRE (Prop_fdre_C_Q)         0.195     0.195 r  driver/vcount_reg[2]/Q
                         net (fo=7, routed)           0.142     0.337    driver/vcount_reg_n_0_[2]
    SLICE_X0Y30          LUT6 (Prop_lut6_I4_O)        0.045     0.382 r  driver/vcount[5]_i_1/O
                         net (fo=1, routed)           0.000     0.382    driver/data0[5]
    SLICE_X0Y30          FDRE                                         r  driver/vcount_reg[5]/D
  -------------------------------------------------------------------    -------------------

Slack:                    inf
  Source:                 driver/hcount_reg[6]/C
                            (rising edge-triggered cell FDRE)
  Destination:            driver/hcount_reg[7]/D
  Path Group:             (none)
  Path Type:              Min at Fast Process Corner
  Data Path Delay:        0.402ns  (logic 0.263ns (65.469%)  route 0.139ns (34.531%))
  Logic Levels:           2  (FDRE=1 LUT4=1)

    Location             Delay type                Incr(ns)  Path(ns)    Netlist Resource(s)
  -------------------------------------------------------------------    -------------------
    SLICE_X2Y31          FDRE                         0.000     0.000 r  driver/hcount_reg[6]/C
    SLICE_X2Y31          FDRE (Prop_fdre_C_Q)         0.218     0.218 r  driver/hcount_reg[6]/Q
                         net (fo=7, routed)           0.139     0.357    driver/hcount_reg_n_0_[6]
    SLICE_X3Y31          LUT4 (Prop_lut4_I2_O)        0.045     0.402 r  driver/hcount[7]_i_1/O
                         net (fo=1, routed)           0.000     0.402    driver/hcount[7]_i_1_n_0
    SLICE_X3Y31          FDRE                                         r  driver/hcount_reg[7]/D
  -------------------------------------------------------------------    -------------------

Slack:                    inf
  Source:                 driver/hcount_reg[6]/C
                            (rising edge-triggered cell FDRE)
  Destination:            driver/hcount_reg[9]/D
  Path Group:             (none)
  Path Type:              Min at Fast Process Corner
  Data Path Delay:        0.403ns  (logic 0.263ns (65.306%)  route 0.140ns (34.694%))
  Logic Levels:           2  (FDRE=1 LUT6=1)

    Location             Delay type                Incr(ns)  Path(ns)    Netlist Resource(s)
  -------------------------------------------------------------------    -------------------
    SLICE_X2Y31          FDRE                         0.000     0.000 r  driver/hcount_reg[6]/C
    SLICE_X2Y31          FDRE (Prop_fdre_C_Q)         0.218     0.218 r  driver/hcount_reg[6]/Q
                         net (fo=7, routed)           0.140     0.358    driver/hcount_reg_n_0_[6]
    SLICE_X3Y31          LUT6 (Prop_lut6_I3_O)        0.045     0.403 r  driver/hcount[9]_i_1/O
                         net (fo=1, routed)           0.000     0.403    driver/hcount[9]_i_1_n_0
    SLICE_X3Y31          FDRE                                         r  driver/hcount_reg[9]/D
  -------------------------------------------------------------------    -------------------

Slack:                    inf
  Source:                 driver/vcount_reg[5]/C
                            (rising edge-triggered cell FDRE)
  Destination:            driver/vcount_reg[6]/D
  Path Group:             (none)
  Path Type:              Min at Fast Process Corner
  Data Path Delay:        0.404ns  (logic 0.240ns (59.358%)  route 0.164ns (40.642%))
  Logic Levels:           2  (FDRE=1 LUT3=1)

    Location             Delay type                Incr(ns)  Path(ns)    Netlist Resource(s)
  -------------------------------------------------------------------    -------------------
    SLICE_X0Y30          FDRE                         0.000     0.000 r  driver/vcount_reg[5]/C
    SLICE_X0Y30          FDRE (Prop_fdre_C_Q)         0.195     0.195 r  driver/vcount_reg[5]/Q
                         net (fo=7, routed)           0.164     0.359    driver/vcount_reg_n_0_[5]
    SLICE_X0Y29          LUT3 (Prop_lut3_I0_O)        0.045     0.404 r  driver/vcount[6]_i_1/O
                         net (fo=1, routed)           0.000     0.404    driver/data0[6]
    SLICE_X0Y29          FDRE                                         r  driver/vcount_reg[6]/D
  -------------------------------------------------------------------    -------------------

Slack:                    inf
  Source:                 driver/hcount_reg[6]/C
                            (rising edge-triggered cell FDRE)
  Destination:            driver/hcount_reg[8]/D
  Path Group:             (none)
  Path Type:              Min at Fast Process Corner
  Data Path Delay:        0.405ns  (logic 0.266ns (65.725%)  route 0.139ns (34.275%))
  Logic Levels:           2  (FDRE=1 LUT5=1)

    Location             Delay type                Incr(ns)  Path(ns)    Netlist Resource(s)
  -------------------------------------------------------------------    -------------------
    SLICE_X2Y31          FDRE                         0.000     0.000 r  driver/hcount_reg[6]/C
    SLICE_X2Y31          FDRE (Prop_fdre_C_Q)         0.218     0.218 r  driver/hcount_reg[6]/Q
                         net (fo=7, routed)           0.139     0.357    driver/hcount_reg_n_0_[6]
    SLICE_X3Y31          LUT5 (Prop_lut5_I1_O)        0.048     0.405 r  driver/hcount[8]_i_1/O
                         net (fo=1, routed)           0.000     0.405    driver/hcount[8]_i_1_n_0
    SLICE_X3Y31          FDRE                                         r  driver/hcount_reg[8]/D
  -------------------------------------------------------------------    -------------------

Slack:                    inf
  Source:                 driver/vcount_reg[0]/C
                            (rising edge-triggered cell FDRE)
  Destination:            driver/vcount_reg[2]/D
  Path Group:             (none)
  Path Type:              Min at Fast Process Corner
  Data Path Delay:        0.423ns  (logic 0.240ns (56.720%)  route 0.183ns (43.280%))
  Logic Levels:           2  (FDRE=1 LUT3=1)

    Location             Delay type                Incr(ns)  Path(ns)    Netlist Resource(s)
  -------------------------------------------------------------------    -------------------
    SLICE_X0Y31          FDRE                         0.000     0.000 r  driver/vcount_reg[0]/C
    SLICE_X0Y31          FDRE (Prop_fdre_C_Q)         0.195     0.195 r  driver/vcount_reg[0]/Q
                         net (fo=8, routed)           0.183     0.378    driver/vcount_reg_n_0_[0]
    SLICE_X1Y30          LUT3 (Prop_lut3_I1_O)        0.045     0.423 r  driver/vcount[2]_i_1/O
                         net (fo=1, routed)           0.000     0.423    driver/data0[2]
    SLICE_X1Y30          FDRE                                         r  driver/vcount_reg[2]/D
  -------------------------------------------------------------------    -------------------

Slack:                    inf
  Source:                 driver/hcount_reg[3]/C
                            (rising edge-triggered cell FDRE)
  Destination:            driver/hcount_reg[5]/D
  Path Group:             (none)
  Path Type:              Min at Fast Process Corner
  Data Path Delay:        0.423ns  (logic 0.301ns (71.109%)  route 0.122ns (28.891%))
  Logic Levels:           2  (FDRE=1 LUT6=1)

    Location             Delay type                Incr(ns)  Path(ns)    Netlist Resource(s)
  -------------------------------------------------------------------    -------------------
    SLICE_X2Y30          FDRE                         0.000     0.000 r  driver/hcount_reg[3]/C
    SLICE_X2Y30          FDRE (Prop_fdre_C_Q)         0.202     0.202 r  driver/hcount_reg[3]/Q
                         net (fo=4, routed)           0.122     0.324    driver/hcount_reg_n_0_[3]
    SLICE_X2Y30          LUT6 (Prop_lut6_I4_O)        0.099     0.423 r  driver/hcount[5]_i_1/O
                         net (fo=1, routed)           0.000     0.423    driver/hcount[5]_i_1_n_0
    SLICE_X2Y30          FDRE                                         r  driver/hcount_reg[5]/D
  -------------------------------------------------------------------    -------------------

Slack:                    inf
  Source:                 driver/vcount_reg[0]/C
                            (rising edge-triggered cell FDRE)
  Destination:            driver/vcount_reg[3]/D
  Path Group:             (none)
  Path Type:              Min at Fast Process Corner
  Data Path Delay:        0.426ns  (logic 0.243ns (57.025%)  route 0.183ns (42.975%))
  Logic Levels:           2  (FDRE=1 LUT4=1)

    Location             Delay type                Incr(ns)  Path(ns)    Netlist Resource(s)
  -------------------------------------------------------------------    -------------------
    SLICE_X0Y31          FDRE                         0.000     0.000 r  driver/vcount_reg[0]/C
    SLICE_X0Y31          FDRE (Prop_fdre_C_Q)         0.195     0.195 r  driver/vcount_reg[0]/Q
                         net (fo=8, routed)           0.183     0.378    driver/vcount_reg_n_0_[0]
    SLICE_X1Y30          LUT4 (Prop_lut4_I1_O)        0.048     0.426 r  driver/vcount[3]_i_1/O
                         net (fo=1, routed)           0.000     0.426    driver/data0[3]
    SLICE_X1Y30          FDRE                                         r  driver/vcount_reg[3]/D
  -------------------------------------------------------------------    -------------------





